INLOOP 2026-09-23T11:39:51.589Z navigating login
INLOOP 2026-09-23T11:39:51.737Z assigned layout map-07 is wanted
INLOOP 2026-09-23T11:39:51.737Z navigating workspace
INLOOP 2026-09-23T11:40:08.033Z running program
INLOOP 2026-09-23T11:40:10.624Z t=3s tick=null samples=null events=null out=0 pose={"x":-2.4865,"z":-7.6757,"heading":3.141592653589793} holding=null
INLOOP 2026-09-23T11:40:41.092Z t=33s tick=1250 samples=null events=null out=2692 pose={"x":7.869700128697,"z":-9.040981258636,"heading":2.191060477387} holding=null
INLOOP 2026-09-23T11:41:11.429Z t=63s tick=2815 samples=null events=null out=6009 pose={"x":14.206549808596,"z":1.02300278753,"heading":1.061639006135} holding=null
INLOOP 2026-09-23T11:41:41.878Z t=94s tick=3665 samples=null events=null out=195507 pose={"x":3.322300046831,"z":-0.75703564239,"heading":1.570398819403} holding=null
INLOOP 2026-09-23T11:42:14.284Z t=126s tick=4547 samples=null events=null out=270804 pose={"x":6.866552513885,"z":0.942380661791,"heading":2.852697835368} holding=null
INLOOP 2026-09-23T11:42:44.683Z t=157s tick=5320 samples=null events=null out=404035 pose={"x":6.721487004134,"z":4.757553257056,"heading":-1.757942897603} holding=null
INLOOP 2026-09-23T11:43:15.086Z t=187s tick=5943 samples=null events=null out=493424 pose={"x":6.21032500441,"z":5.363264387517,"heading":-1.980523484517} holding=null
INLOOP 2026-09-23T11:43:45.733Z t=218s tick=6447 samples=null events=null out=576224 pose={"x":5.627786683047,"z":5.912285614292,"heading":2.811068012976} holding=null
INLOOP 2026-09-23T11:44:16.311Z t=248s tick=7116 samples=null events=null out=636918 pose={"x":3.828873714894,"z":10.441343212859,"heading":2.394551961722} holding=null
INLOOP 2026-09-23T11:44:47.361Z t=279s tick=7712 samples=null events=null out=687077 pose={"x":4.432400000001,"z":6.8726,"heading":2.853584321928} holding=null
INLOOP 2026-09-23T11:45:17.631Z t=310s tick=8172 samples=null events=null out=764167 pose={"x":3.394607354744,"z":5.972017726097,"heading":-1.826200353921} holding=null
INLOOP 2026-09-23T11:45:51.281Z t=343s tick=8702 samples=null events=null out=833255 pose={"x":5.414679357218,"z":6.106010335685,"heading":2.308266548653} holding=null
INLOOP 2026-09-23T11:46:21.738Z t=374s tick=10280 samples=null events=null out=835600 pose={"x":-2.486500000001,"z":-0.756799912964,"heading":2.354796353123} holding=null
INLOOP 2026-09-23T11:46:52.192Z t=404s tick=11575 samples=null events=null out=837472 pose={"x":-7.806802371443,"z":9.862521725045,"heading":1.831453878412} holding=null
INLOOP 2026-09-23T11:47:22.679Z t=435s tick=13116 samples=null events=null out=840234 pose={"x":-8.540500000001,"z":6.749,"heading":0.379234355494} holding=null
INLOOP 2026-09-23T11:47:55.894Z t=468s tick=13340 samples=null events=null out=891983 pose={"x":-6.634331151065,"z":4.459453308002,"heading":0.773985054635} holding=null
INLOOP 2026-09-23T11:48:34.666Z t=507s tick=13768 samples=null events=null out=996791 pose={"x":-8.540499999999,"z":6.51976762806,"heading":3.089486545067} holding=null
INLOOP 2026-09-23T11:49:04.930Z t=537s tick=14259 samples=null events=null out=1049214 pose={"x":-7.3740034528,"z":4.480110495107,"heading":-1.53508277916} holding=null
INLOOP 2026-09-23T11:49:45.209Z t=577s tick=14620 samples=null events=null out=1126624 pose={"x":-8.540499999994,"z":6.51976762806,"heading":-3.138369379827} holding=null
INLOOP 2026-09-23T11:49:48.177Z saved 3098 samples to /Users/ken/Desktop/wm_bench/artifacts/inloop/stage-1/round-3/attempts/attempt-017.samples.json
{"out":"/Users/ken/Desktop/wm_bench/artifacts/inloop/stage-1/round-3/attempts/attempt-017.json","runState":"运行已结束","lines":8200,"score":"40.0","wallSeconds":578.441}
