INLOOP 2026-09-23T10:09:31.641Z navigating login
INLOOP 2026-09-23T10:09:31.792Z assigned layout map-09 is wanted
INLOOP 2026-09-23T10:09:31.792Z navigating workspace
INLOOP 2026-09-23T10:09:45.362Z running program
INLOOP 2026-09-23T10:09:47.648Z t=2s tick=null samples=null events=null out=0 pose={"x":-2.4865,"z":-7.6757,"heading":3.141592653589793} holding=null
INLOOP 2026-09-23T10:10:18.005Z t=33s tick=1310 samples=null events=null out=2515 pose={"x":7.475043515189,"z":-8.75907493718,"heading":2.191060477387} holding=null
INLOOP 2026-09-23T10:10:48.463Z t=63s tick=2739 samples=null events=null out=4897 pose={"x":14.965537791328,"z":3.937639320079,"heading":2.509962842529} holding=null
INLOOP 2026-09-23T10:11:18.632Z t=93s tick=4255 samples=null events=null out=96383 pose={"x":4.772199999996,"z":8.725899999999,"heading":2.197336709244} holding=null
INLOOP 2026-09-23T10:11:49.037Z t=124s tick=5576 samples=null events=null out=115545 pose={"x":6.4811246892,"z":8.72943488157,"heading":1.582939946196} holding=null
INLOOP 2026-09-23T10:12:19.421Z t=154s tick=7203 samples=null events=null out=120500 pose={"x":7.331461241124,"z":1.340190285245,"heading":-1.548062937016} holding=null
INLOOP 2026-09-23T10:12:49.730Z t=184s tick=8623 samples=null events=null out=125506 pose={"x":10.570599999992,"z":-3.258700000003,"heading":1.570796326796} holding=null
INLOOP 2026-09-23T10:13:20.029Z t=215s tick=10103 samples=null events=null out=130119 pose={"x":8.795434109939,"z":1.306903484965,"heading":-1.54806293702} holding=null
INLOOP 2026-09-23T10:13:50.260Z t=245s tick=11599 samples=null events=null out=133026 pose={"x":12.0611433007,"z":1.139860992624,"heading":1.719666484887} holding=null
INLOOP 2026-09-23T10:14:20.522Z t=275s tick=13079 samples=null events=null out=136727 pose={"x":6.618323860089,"z":-4.174901522955,"heading":-2.565109323706} holding=null
INLOOP 2026-09-23T10:14:50.790Z t=305s tick=14620 samples=null events=null out=140363 pose={"x":2.9151,"z":-5.482600000087,"heading":1.570796326756} holding=null
INLOOP 2026-09-23T10:15:21.106Z t=336s tick=16087 samples=null events=null out=144687 pose={"x":-6.081499999996,"z":-0.756800000031,"heading":1.570796326762} holding=null
INLOOP 2026-09-23T10:15:51.534Z t=366s tick=17791 samples=null events=null out=151762 pose={"x":-3.254512776992,"z":-5.479097749319,"heading":-1.578092747156} holding=null
INLOOP 2026-09-23T10:16:21.839Z t=396s tick=19331 samples=null events=null out=155231 pose={"x":-2.486500301424,"z":-5.882628331093,"heading":1.150020529673} holding=null
INLOOP 2026-09-23T10:16:52.108Z t=427s tick=20587 samples=null events=null out=160290 pose={"x":-2.4682021788,"z":0.7430883924,"heading":0.012198850006} holding=null
INLOOP 2026-09-23T10:17:22.415Z t=457s tick=22142 samples=null events=null out=162242 pose={"x":-13.598542665538,"z":-0.756799625243,"heading":0.627013489314} holding=null
INLOOP 2026-09-23T10:17:52.778Z t=487s tick=23630 samples=null events=null out=165738 pose={"x":-10.218178751206,"z":-4.62104432924,"heading":2.466891191791} holding=null
INLOOP 2026-09-23T10:18:23.111Z t=518s tick=25121 samples=null events=null out=168774 pose={"x":1.26342985395,"z":-5.483938260763,"heading":-1.561872458598} holding=null
INLOOP 2026-09-23T10:18:53.354Z t=548s tick=26625 samples=null events=null out=169805 pose={"x":1.5953,"z":-5.482600000001,"heading":1.570796326796} holding=null
INLOOP 2026-09-23T10:19:10.921Z saved 5663 samples to /Users/ken/Desktop/wm_bench/artifacts/inloop/stage-1/round-2/attempts/attempt-011.samples.json
{"out":"/Users/ken/Desktop/wm_bench/artifacts/inloop/stage-1/round-2/attempts/attempt-011.json","runState":"运行已结束","lines":1042,"score":"46.2","wallSeconds":563.776}
