INLOOP 2026-09-23T10:19:16.821Z navigating login
INLOOP 2026-09-23T10:19:16.980Z assigned layout map-05 is wanted
INLOOP 2026-09-23T10:19:16.980Z navigating workspace
INLOOP 2026-09-23T10:19:37.033Z running program
INLOOP 2026-09-23T10:19:39.992Z t=3s tick=null samples=null events=null out=0 pose={"x":-2.4865,"z":-7.6757,"heading":3.141592653589793} holding=null
INLOOP 2026-09-23T10:20:10.131Z t=33s tick=1183 samples=null events=null out=2432 pose={"x":8.383720576187,"z":-9.261795630349,"heading":1.472655006597} holding=null
INLOOP 2026-09-23T10:20:40.359Z t=63s tick=2820 samples=null events=null out=41423 pose={"x":7.001495193159,"z":-2.584495193158,"heading":-0.785398163394} holding=null
INLOOP 2026-09-23T10:21:10.469Z t=93s tick=4294 samples=null events=null out=55656 pose={"x":6.895576767083,"z":-2.478576767085,"heading":-0.785398163403} holding=null
INLOOP 2026-09-23T10:21:40.670Z t=124s tick=5647 samples=null events=null out=58789 pose={"x":5.034500000031,"z":-5.482599999991,"heading":1.570796326789} holding=null
INLOOP 2026-09-23T10:22:10.878Z t=154s tick=7150 samples=null events=null out=63456 pose={"x":-1.511540556389,"z":4.435646359617,"heading":-1.567629282601} holding=null
INLOOP 2026-09-23T10:22:41.094Z t=184s tick=8580 samples=null events=null out=70828 pose={"x":-2.461800656691,"z":-2.756647479794,"heading":-0.013006434462} holding=null
INLOOP 2026-09-23T10:23:11.302Z t=214s tick=10083 samples=null events=null out=74157 pose={"x":-3.880048387096,"z":-5.482600000006,"heading":1.570796326762} holding=null
INLOOP 2026-09-23T10:23:41.601Z t=245s tick=11619 samples=null events=null out=80664 pose={"x":-5.2985,"z":-0.756799999997,"heading":-1.570796326793} holding=null
INLOOP 2026-09-23T10:24:11.813Z t=275s tick=13141 samples=null events=null out=84223 pose={"x":-2.489705522868,"z":-6.67928097085,"heading":0.01187258587} holding=null
INLOOP 2026-09-23T10:24:42.013Z t=305s tick=14590 samples=null events=null out=87208 pose={"x":-9.495659686767,"z":-6.733322638704,"heading":-2.749845434303} holding=null
INLOOP 2026-09-23T10:25:12.201Z t=335s tick=16151 samples=null events=null out=89546 pose={"x":-11.373826469376,"z":-1.919337570054,"heading":-0.165096180302} holding=null
INLOOP 2026-09-23T10:25:42.434Z t=365s tick=17620 samples=null events=null out=93620 pose={"x":-11.13510000005,"z":-3.16600000001,"heading":-0.421478574915} holding=null
INLOOP 2026-09-23T10:26:12.593Z t=396s tick=19113 samples=null events=null out=94693 pose={"x":6.776256618823,"z":-7.81728575473,"heading":-0.576409356492} holding=null
INLOOP 2026-09-23T10:26:42.758Z t=426s tick=20603 samples=null events=null out=96773 pose={"x":7.388274039435,"z":3.177386067359,"heading":2.992655215441} holding=null
INLOOP 2026-09-23T10:27:13.154Z t=456s tick=22028 samples=null events=null out=102716 pose={"x":13.00633080573,"z":-0.504738388539,"heading":0.463647609001} holding="guangyang-target-1"
INLOOP 2026-09-23T10:27:43.500Z t=486s tick=23492 samples=null events=null out=107581 pose={"x":-9.495659686774,"z":-6.733322638701,"heading":0.336631558669} holding="guangyang-target-1"
INLOOP 2026-09-23T10:27:47.905Z saved 4893 samples to /Users/ken/Desktop/wm_bench/artifacts/inloop/stage-1/round-2/attempts/attempt-013.samples.json
{"out":"/Users/ken/Desktop/wm_bench/artifacts/inloop/stage-1/round-2/attempts/attempt-013.json","runState":"运行已结束","lines":632,"score":"46.2","wallSeconds":489.163}
