INLOOP 2026-09-23T10:01:42.722Z navigating login
INLOOP 2026-09-23T10:01:42.868Z assigned layout map-07 is wanted
INLOOP 2026-09-23T10:01:42.868Z navigating workspace
INLOOP 2026-09-23T10:01:57.959Z running program
INLOOP 2026-09-23T10:02:00.311Z t=2s tick=null samples=null events=null out=0 pose={"x":-2.4865,"z":-7.6757,"heading":3.141592653589793} holding=null
INLOOP 2026-09-23T10:02:30.723Z t=33s tick=1310 samples=null events=null out=2692 pose={"x":7.523867012037,"z":-8.793949944784,"heading":2.191060477387} holding=null
INLOOP 2026-09-23T10:03:00.734Z t=63s tick=2815 samples=null events=null out=5814 pose={"x":13.89221380174,"z":0.847523800778,"heading":1.061639006135} holding=null
INLOOP 2026-09-23T10:03:31.174Z t=93s tick=3683 samples=null events=null out=204160 pose={"x":3.115104079345,"z":-0.75680010471,"heading":2.572970829087} holding=null
INLOOP 2026-09-23T10:04:01.204Z t=123s tick=4751 samples=null events=null out=310189 pose={"x":7.453697338456,"z":2.637050595234,"heading":-3.053433121793} holding=null
INLOOP 2026-09-23T10:04:31.538Z t=154s tick=5437 samples=null events=null out=425894 pose={"x":6.961592051718,"z":4.43763206968,"heading":-0.699543823283} holding=null
INLOOP 2026-09-23T10:05:03.648Z t=186s tick=6141 samples=null events=null out=515990 pose={"x":5.414679357235,"z":6.106010335704,"heading":2.853042528287} holding=null
INLOOP 2026-09-23T10:05:34.107Z t=216s tick=6940 samples=null events=null out=599243 pose={"x":3.828873714894,"z":10.441343212859,"heading":2.394551961722} holding=null
INLOOP 2026-09-23T10:06:06.418Z t=248s tick=7720 samples=null events=null out=673061 pose={"x":2.944330679917,"z":5.55165137909,"heading":0.874824521972} holding=null
INLOOP 2026-09-23T10:06:36.629Z t=279s tick=8414 samples=null events=null out=749285 pose={"x":4.530052084886,"z":6.802857112801,"heading":-0.950605171956} holding=null
INLOOP 2026-09-23T10:07:06.961Z t=309s tick=9312 samples=null events=null out=792793 pose={"x":6.471,"z":0.4479,"heading":0.660585787408} holding=null
INLOOP 2026-09-23T10:07:37.168Z t=339s tick=10674 samples=null events=null out=795113 pose={"x":-0.8315063512,"z":4.434119738727,"heading":1.57359265359} holding=null
INLOOP 2026-09-23T10:08:07.540Z t=370s tick=12277 samples=null events=null out=797076 pose={"x":-2.508472029899,"z":4.608105132409,"heading":-0.12440480277} holding=null
INLOOP 2026-09-23T10:08:42.530Z t=405s tick=13123 samples=null events=null out=851016 pose={"x":-6.634331151065,"z":4.459453308002,"heading":-1.501390639072} holding=null
INLOOP 2026-09-23T10:09:14.619Z t=437s tick=13694 samples=null events=null out=927836 pose={"x":-8.606914757577,"z":4.752820368821,"heading":0.132078224223} holding=null
INLOOP 2026-09-23T10:09:17.318Z saved 2886 samples to /Users/ken/Desktop/wm_bench/artifacts/inloop/stage-1/round-2/attempts/attempt-006.samples.json
{"out":"/Users/ken/Desktop/wm_bench/artifacts/inloop/stage-1/round-2/attempts/attempt-006.json","runState":"运行已结束","lines":6855,"score":"40.0","wallSeconds":437.714}
