INLOOP 2026-09-23T05:18:43.335Z navigating login
INLOOP 2026-09-23T05:18:43.487Z assigned layout map-07 is wanted
INLOOP 2026-09-23T05:18:43.487Z navigating workspace
INLOOP 2026-09-23T05:18:56.289Z running program
INLOOP 2026-09-23T05:18:58.338Z t=2s tick=null samples=null events=null out=0 pose={"x":-2.4865,"z":-7.6757,"heading":3.141592653589793} holding=null
INLOOP 2026-09-23T05:19:28.405Z t=32s tick=1453 samples=null events=null out=2270 pose={"x":7.711836076586,"z":-8.928217721681,"heading":-2.679520826083} holding=null
INLOOP 2026-09-23T05:19:58.745Z t=62s tick=2689 samples=null events=null out=4386 pose={"x":12.879490561731,"z":1.017125462487,"heading":1.719666484894} holding=null
INLOOP 2026-09-23T05:20:29.077Z t=93s tick=3966 samples=null events=null out=14397 pose={"x":3.677768915273,"z":10.589850546093,"heading":-0.779697599938} holding=null
INLOOP 2026-09-23T05:20:59.385Z t=123s tick=5288 samples=null events=null out=17644 pose={"x":3.222827891557,"z":5.811576840698,"heading":-2.321710008252} holding=null
INLOOP 2026-09-23T05:21:29.446Z t=153s tick=6691 samples=null events=null out=20390 pose={"x":2.014856327771,"z":4.671748724682,"heading":1.270632598412} holding=null
INLOOP 2026-09-23T05:21:59.516Z t=183s tick=8124 samples=null events=null out=22926 pose={"x":3.424114823605,"z":5.999438851088,"heading":0.489188681787} holding=null
INLOOP 2026-09-23T05:22:16.417Z python feedback visible: Traceback (most recent call last):
  File "/lib/python312.zip/_pyodide/_base.py", line 597, in eval_code_async
    await CodeRunner(
  File "/lib/python312.zip/_pyodide/_base.py", line 413, in run_async
    await coroutine
  File "<exec>", line 295, in <module>
  File "<学生代码>", line 1797, in __stude
INLOOP 2026-09-23T05:22:17.973Z saved 1851 samples to artifacts/inloop/v28_batch/try-014.samples.json
{"out":"artifacts/inloop/v28_batch/try-014.json","runState":"运行已结束","lines":149,"score":"40.0","wallSeconds":200.128}
