INLOOP 2026-09-23T12:46:21.984Z navigating login
INLOOP 2026-09-23T12:46:22.167Z assigned layout map-04 is wanted
INLOOP 2026-09-23T12:46:22.167Z navigating workspace
INLOOP 2026-09-23T12:46:35.673Z running program
INLOOP 2026-09-23T12:46:37.753Z t=2s tick=null samples=null events=null out=0 pose={"x":-2.4865,"z":-7.6757,"heading":3.141592653589793} holding=null
INLOOP 2026-09-23T12:47:08.007Z t=32s tick=1310 samples=null events=null out=2880 pose={"x":7.487249389401,"z":-8.767793689081,"heading":2.191060477387} holding=null
INLOOP 2026-09-23T12:47:38.415Z t=63s tick=2713 samples=null events=null out=44575 pose={"x":4.500099789712,"z":-0.757296003872,"heading":-1.569948456854} holding=null
INLOOP 2026-09-23T12:48:08.711Z t=93s tick=4401 samples=null events=null out=53239 pose={"x":-2.486500000018,"z":-0.7568,"heading":0.014729997579} holding=null
INLOOP 2026-09-23T12:48:39.014Z t=123s tick=5723 samples=null events=null out=60550 pose={"x":5.880083634668,"z":5.677707816409,"heading":-0.809791271175} holding=null
INLOOP 2026-09-23T12:49:09.498Z t=154s tick=7200 samples=null events=null out=67964 pose={"x":6.915303135535,"z":-3.711208816882,"heading":0.531749034596} holding="guangyang-target-2"
INLOOP 2026-09-23T12:49:39.810Z t=184s tick=8729 samples=null events=null out=72938 pose={"x":7.103502544022,"z":-2.866378197287,"heading":2.945341688069} holding="guangyang-target-2"
INLOOP 2026-09-23T12:50:10.215Z t=215s tick=10104 samples=null events=null out=77772 pose={"x":-9.495659686773,"z":-6.733322638701,"heading":0.667325522201} holding=null
INLOOP 2026-09-23T12:50:40.507Z t=245s tick=11593 samples=null events=null out=82493 pose={"x":-10.713500000008,"z":-0.756800000002,"heading":-1.570796326796} holding=null
INLOOP 2026-09-23T12:51:10.696Z t=275s tick=12988 samples=null events=null out=84434 pose={"x":3.268483418689,"z":-0.756798588971,"heading":-1.570796902726} holding=null
INLOOP 2026-09-23T12:51:40.883Z t=305s tick=14552 samples=null events=null out=87227 pose={"x":-2.4865,"z":-7.6757,"heading":-1.359855177258} holding=null
INLOOP 2026-09-23T12:52:10.899Z t=335s tick=15842 samples=null events=null out=88899 pose={"x":6.385172674107,"z":-7.093622556832,"heading":2.718691608445} holding=null
INLOOP 2026-09-23T12:52:41.285Z t=366s tick=17281 samples=null events=null out=141718 pose={"x":11.200673618784,"z":-3.25845086821,"heading":1.570612475699} holding=null
INLOOP 2026-09-23T12:53:12.475Z t=397s tick=18025 samples=null events=null out=322891 pose={"x":12.402890161279,"z":-1.773327929274,"heading":-2.743719497802} holding=null
INLOOP 2026-09-23T12:53:44.934Z t=429s tick=19073 samples=null events=null out=454898 pose={"x":6.147997984201,"z":-1.624125160642,"heading":2.67781556118} holding=null
INLOOP 2026-09-23T12:54:15.663Z t=460s tick=19624 samples=null events=null out=590854 pose={"x":7.36943882478,"z":3.302913528111,"heading":-1.409194917811} holding=null
INLOOP 2026-09-23T12:54:49.705Z t=494s tick=20115 samples=null events=null out=701115 pose={"x":7.163442598456,"z":4.08067247038,"heading":-1.358003453823} holding=null
INLOOP 2026-09-23T12:55:24.828Z t=529s tick=20426 samples=null events=null out=869354 pose={"x":7.545884335092,"z":2.570033925487,"heading":-0.204087898311} holding=null
INLOOP 2026-09-23T12:56:00.260Z t=565s tick=20745 samples=null events=null out=983725 pose={"x":7.375003144205,"z":3.265830070221,"heading":-1.413473817465} holding=null
INLOOP 2026-09-23T12:56:34.749Z t=599s tick=21311 samples=null events=null out=1069894 pose={"x":9.180794015737,"z":1.291383353596,"heading":-1.552573448231} holding=null
INLOOP 2026-09-23T12:57:12.412Z t=637s tick=21917 samples=null events=null out=1128202 pose={"x":7.185282929781,"z":1.340596257919,"heading":-1.743182891343} holding=null
INLOOP 2026-09-23T12:57:48.401Z t=673s tick=22335 samples=null events=null out=1217198 pose={"x":7.98224116325,"z":1.325638344934,"heading":-1.765742945119} holding=null
INLOOP 2026-09-23T12:58:18.492Z t=703s tick=22989 samples=null events=null out=1306940 pose={"x":7.153874441656,"z":1.308077774192,"heading":0.660993360618} holding=null
INLOOP 2026-09-23T12:58:48.964Z t=733s tick=23208 samples=null events=null out=1366981 pose={"x":6.935401596256,"z":1.028251385768,"heading":-0.721662266255} holding=null
INLOOP 2026-09-23T12:59:23.795Z t=768s tick=23764 samples=null events=null out=1426666 pose={"x":6.863609370818,"z":-2.446609370831,"heading":-0.78539816342} holding=null
INLOOP 2026-09-23T12:59:53.886Z t=798s tick=24037 samples=null events=null out=1456672 pose={"x":9.797499999875,"z":-3.258712895021,"heading":-2.490845553836} holding=null
INLOOP 2026-09-23T13:00:36.049Z t=840s tick=24290 samples=null events=null out=1575304 pose={"x":8.997499460068,"z":-3.258700082701,"heading":1.625911811325} holding=null
INLOOP 2026-09-23T13:01:06.351Z t=871s tick=25087 samples=null events=null out=1608963 pose={"x":7.181499999999,"z":1.343600000001,"heading":-2.495757618457} holding=null
INLOOP 2026-09-23T13:01:18.489Z saved 5383 samples to /Users/ken/Desktop/wm_bench/artifacts/inloop/demo/attempts/attempt-017.samples.json
{"out":"/Users/ken/Desktop/wm_bench/artifacts/inloop/demo/attempts/attempt-017.json","runState":"运行已结束","lines":10365,"score":"52.3","wallSeconds":881.065}
