INLOOP 2026-09-23T13:01:33.607Z navigating login
INLOOP 2026-09-23T13:01:33.836Z assigned layout map-05 is wanted
INLOOP 2026-09-23T13:01:33.836Z navigating workspace
INLOOP 2026-09-23T13:01:49.368Z running program
INLOOP 2026-09-23T13:01:51.632Z t=2s tick=null samples=null events=null out=0 pose={"x":-2.4865,"z":-7.6757,"heading":3.141592653589793} holding=null
INLOOP 2026-09-23T13:02:21.795Z t=32s tick=1310 samples=null events=null out=2629 pose={"x":7.572690508885,"z":-8.828824952388,"heading":2.191060477387} holding=null
INLOOP 2026-09-23T13:02:52.275Z t=63s tick=2820 samples=null events=null out=41759 pose={"x":7.526491623751,"z":-3.258665354767,"heading":-1.570775393232} holding=null
INLOOP 2026-09-23T13:03:22.771Z t=93s tick=4395 samples=null events=null out=54943 pose={"x":12.010933610996,"z":-3.727219585473,"heading":2.802349847568} holding=null
INLOOP 2026-09-23T13:03:53.069Z t=124s tick=5728 samples=null events=null out=61627 pose={"x":6.770213203429,"z":-2.353213203441,"heading":-0.785398163365} holding=null
INLOOP 2026-09-23T13:04:23.370Z t=154s tick=7279 samples=null events=null out=67427 pose={"x":4.800791062029,"z":7.870053037475,"heading":0.380877271932} holding=null
INLOOP 2026-09-23T13:04:53.681Z t=184s tick=8752 samples=null events=null out=72470 pose={"x":5.848379169496,"z":5.70967813616,"heading":-0.801972306078} holding=null
INLOOP 2026-09-23T13:05:23.960Z t=215s tick=10237 samples=null events=null out=77278 pose={"x":7.1815,"z":-3.258700000003,"heading":0.842796326796} holding="guangyang-target-1"
INLOOP 2026-09-23T13:05:54.259Z t=245s tick=11648 samples=null events=null out=82606 pose={"x":-9.414742475005,"z":-6.155692083173,"heading":0.044502664257} holding=null
INLOOP 2026-09-23T13:06:24.470Z t=275s tick=13049 samples=null events=null out=86644 pose={"x":1.218457324103,"z":-5.480994404053,"heading":-1.586090831781} holding=null
INLOOP 2026-09-23T13:06:54.912Z t=306s tick=14446 samples=null events=null out=88638 pose={"x":9.161500000027,"z":-3.258700000016,"heading":-1.570796326803} holding=null
INLOOP 2026-09-23T13:07:25.022Z t=336s tick=15973 samples=null events=null out=89875 pose={"x":8.629308438006,"z":8.596263311225,"heading":2.19126198702} holding=null
INLOOP 2026-09-23T13:07:55.523Z t=366s tick=17307 samples=null events=null out=173089 pose={"x":4.798595318362,"z":6.611064172969,"heading":-0.950605171957} holding=null
INLOOP 2026-09-23T13:08:25.820Z t=396s tick=18713 samples=null events=null out=175173 pose={"x":1.805299996465,"z":-5.482593414477,"heading":1.570798748142} holding=null
INLOOP 2026-09-23T13:08:55.968Z t=427s tick=20215 samples=null events=null out=178246 pose={"x":2.102970876403,"z":4.796685438195,"heading":-2.034443935819} holding="guangyang-target-2"
INLOOP 2026-09-23T13:09:26.379Z t=457s tick=21753 samples=null events=null out=182967 pose={"x":-9.370156917424,"z":-5.506437767979,"heading":1.526365155867} holding="guangyang-target-2"
INLOOP 2026-09-23T13:09:37.427Z saved 4562 samples to /Users/ken/Desktop/wm_bench/artifacts/inloop/demo/attempts/attempt-030.samples.json
{"out":"/Users/ken/Desktop/wm_bench/artifacts/inloop/demo/attempts/attempt-030.json","runState":"运行已结束","lines":1065,"score":"46.2","wallSeconds":466.401}
