INLOOP 2026-09-23T18:33:30.926Z navigating login
INLOOP 2026-09-23T18:33:31.079Z assigned layout map-02 is wanted
INLOOP 2026-09-23T18:33:31.079Z navigating workspace
INLOOP 2026-09-23T18:33:44.798Z running program
INLOOP 2026-09-23T18:33:48.911Z t=4s tick=null samples=null events=null out=0 pose={"x":-2.4865,"z":-7.6757,"heading":3.141592653589793} holding=null
INLOOP 2026-09-23T18:34:19.337Z t=35s tick=1403 samples=null events=null out=5990 pose={"x":11.795949840033,"z":-9.242203330906,"heading":-2.197458723636} holding=null
INLOOP 2026-09-23T18:34:49.569Z t=65s tick=2806 samples=null events=null out=94395 pose={"x":12.670889658962,"z":-5.0750061137,"heading":1.603545778085} holding=null
INLOOP 2026-09-23T18:35:19.889Z t=95s tick=4224 samples=null events=null out=148440 pose={"x":11.913784132051,"z":1.193438074424,"heading":1.37327559362} holding=null
INLOOP 2026-09-23T18:35:50.237Z t=125s tick=5478 samples=null events=null out=156472 pose={"x":2.6605,"z":-5.482600000002,"heading":1.570796326796} holding="guangyang-target-1"
INLOOP 2026-09-23T18:36:20.379Z t=156s tick=6929 samples=null events=null out=174692 pose={"x":-8.081003582748,"z":-5.45234465963,"heading":-1.559681276809} holding=null
INLOOP 2026-09-23T18:36:50.823Z t=186s tick=8372 samples=null events=null out=181722 pose={"x":12.854046127484,"z":-7.596978118989,"heading":-2.99973444853} holding=null
INLOOP 2026-09-23T18:37:20.828Z t=216s tick=9512 samples=null events=null out=277217 pose={"x":11.784350724277,"z":1.167534542778,"heading":1.299430220908} holding=null
INLOOP 2026-09-23T18:37:51.071Z t=246s tick=10880 samples=null events=null out=335461 pose={"x":11.845600000007,"z":-3.258700000001,"heading":0.197046283568} holding=null
INLOOP 2026-09-23T18:38:21.561Z t=277s tick=12092 samples=null events=null out=379229 pose={"x":6.148367059483,"z":-1.624863072321,"heading":2.732931221831} holding=null
INLOOP 2026-09-23T18:38:51.986Z t=307s tick=13679 samples=null events=null out=401805 pose={"x":5.094757085992,"z":6.396310563823,"heading":2.308037047543} holding=null
INLOOP 2026-09-23T18:39:21.990Z t=337s tick=14903 samples=null events=null out=433267 pose={"x":-2.482870836215,"z":4.120421108555,"heading":-0.011632197532} holding=null
INLOOP 2026-09-23T18:39:52.163Z t=367s tick=16201 samples=null events=null out=459843 pose={"x":-3.501416211875,"z":7.509007125677,"heading":-0.714057828214} holding=null
INLOOP 2026-09-23T18:40:22.509Z t=398s tick=17599 samples=null events=null out=478937 pose={"x":4.189048722493,"z":10.081090464102,"heading":-0.785290253671} holding=null
INLOOP 2026-09-23T18:40:52.718Z t=428s tick=19029 samples=null events=null out=508675 pose={"x":-8.633192522183,"z":4.525164783545,"heading":-0.279877185683} holding=null
INLOOP 2026-09-23T18:41:23.066Z t=458s tick=20260 samples=null events=null out=547805 pose={"x":-2.486499999944,"z":-0.756799177549,"heading":-2.298796513009} holding=null
INLOOP 2026-09-23T18:41:53.128Z t=488s tick=21519 samples=null events=null out=582989 pose={"x":5.987487196859,"z":-5.482618168504,"heading":-1.570793010037} holding=null
INLOOP 2026-09-23T18:42:23.361Z t=519s tick=22727 samples=null events=null out=606459 pose={"x":-3.726592682193,"z":-5.470731202547,"heading":-1.58641380043} holding=null
INLOOP 2026-09-23T18:42:25.699Z saved 4886 samples to /Users/ken/Desktop/wm_bench/artifacts/inloop/opt-2/round-3/attempts/attempt-006.samples.json
{"out":"/Users/ken/Desktop/wm_bench/artifacts/inloop/opt-2/round-3/attempts/attempt-006.json","runState":"运行已结束","lines":3479,"score":"49.2","wallSeconds":519.212}
