......................                                                   [100%]
==================================== PASSES ====================================
=========================== short test summary info ============================
PASSED tests/acceptance/offline/test_2_x.py::test_2_0_provider_frame_convention
PASSED tests/acceptance/offline/test_2_x.py::test_2_2_track_count_matches_truth
PASSED tests/acceptance/offline/test_2_x.py::test_2_2_single_frame_detection_is_not_confirmed
PASSED tests/acceptance/offline/test_2_x.py::test_2_3_no_track_split
PASSED tests/acceptance/offline/test_2_x.py::test_2_4_no_false_merge
PASSED tests/acceptance/offline/test_2_x.py::test_2_4_adjacent_pair_seen_simultaneously
PASSED tests/acceptance/offline/test_2_x.py::test_2_4_pair_seen_after_long_gap
PASSED tests/acceptance/offline/test_2_x.py::test_2_5_grabbed_target_goes_stale_within_3s
PASSED tests/acceptance/offline/test_2_x.py::test_2_5_out_of_fov_object_is_not_fast_decayed
PASSED tests/acceptance/offline/test_2_x.py::test_2_5_lost_object_removed_from_snapshot_but_not_deleted
PASSED tests/acceptance/offline/test_2_x.py::test_2_5_released_distractor_old_position_goes_stale
PASSED tests/acceptance/offline/test_2_x.py::test_2_6_contract_fields_exactly_eight
PASSED tests/acceptance/offline/test_2_x.py::test_2_6_wm_to_contract_outputs_confirmed_tracks
PASSED tests/acceptance/offline/test_2_x.py::test_2_6_contract_excludes_lost_and_matches_snapshot
PASSED tests/acceptance/offline/test_2_x.py::test_2_7_robust_to_odometry_noise
PASSED tests/acceptance/offline/test_2_x.py::test_2_7_noise_free_localization_reference
PASSED tests/acceptance/offline/test_2_x.py::test_2_8_gate_grows_with_time_gap_and_is_capped
PASSED tests/acceptance/offline/test_3_x.py::test_3_2_shortest_turn_20_cases
PASSED tests/acceptance/offline/test_3_x.py::test_3_3_cost_optimal_beats_euclidean_nearest
PASSED tests/acceptance/offline/test_3_x.py::test_3_5_no_truth_leak_and_no_hardcoded_coordinates
PASSED tests/acceptance/offline/test_3_x.py::test_3_5_truth_guard_blocks_algorithm_frames
PASSED tests/acceptance/offline/test_3_x.py::test_3_4_first_target_uses_graph_shortest_not_euclidean
22 passed in 0.61s

