INLOOP 2026-09-23T03:21:09.572Z navigating login
INLOOP 2026-09-23T03:21:09.721Z assigned layout map-07 is wanted
INLOOP 2026-09-23T03:21:09.721Z navigating workspace
INLOOP 2026-09-23T03:21:22.691Z vision evidence ledger disabled (score not valid for submission)
INLOOP 2026-09-23T03:21:22.696Z running program
INLOOP 2026-09-23T03:21:24.594Z t=2s tick=null samples=null events=null out=0 pose={"x":-2.4865,"z":-7.6757,"heading":3.141592653589793} holding=null
INLOOP 2026-09-23T03:21:55.047Z t=32s tick=1240 samples=null events=null out=5010 pose={"x":-3.969470163311,"z":-5.488844217344,"heading":1.582872832527} holding=null
INLOOP 2026-09-23T03:22:25.156Z t=62s tick=2948 samples=null events=null out=6394 pose={"x":-3.575140986912,"z":-5.4825998045,"heading":-0.798487672517} holding=null
INLOOP 2026-09-23T03:22:55.262Z t=93s tick=4268 samples=null events=null out=7432 pose={"x":-4.68948519794,"z":-5.485051411495,"heading":1.558720114542} holding=null
INLOOP 2026-09-23T03:23:25.373Z t=123s tick=5938 samples=null events=null out=8816 pose={"x":-3.227140986911,"z":-5.482600133004,"heading":-1.570796506377} holding=null
INLOOP 2026-09-23T03:23:55.489Z t=153s tick=7257 samples=null events=null out=9854 pose={"x":-5.44609704135,"z":-5.48261570903,"heading":1.582276261786} holding=null
INLOOP 2026-09-23T03:24:25.600Z t=183s tick=8926 samples=null events=null out=11238 pose={"x":-2.753140986912,"z":-5.482599952126,"heading":-1.570796147213} holding=null
INLOOP 2026-09-23T03:24:55.713Z t=213s tick=10269 samples=null events=null out=12505 pose={"x":-5.533096856804,"z":-5.481554140512,"heading":2.844467243218} holding=null
INLOOP 2026-09-23T03:25:25.827Z t=243s tick=11916 samples=null events=null out=13660 pose={"x":-2.4865,"z":-5.482599999985,"heading":-2.018796506377} holding=null
INLOOP 2026-09-23T03:25:55.932Z t=273s tick=13284 samples=null events=null out=14927 pose={"x":-5.533091308596,"z":-5.481616976624,"heading":-2.000241676532} holding=null
INLOOP 2026-09-23T03:26:26.038Z t=303s tick=14904 samples=null events=null out=16082 pose={"x":-2.4865,"z":-5.482600000015,"heading":0.389203852787} holding=null
INLOOP 2026-09-23T03:26:56.157Z t=333s tick=16344 samples=null events=null out=17349 pose={"x":-4.982106810258,"z":-5.484866028859,"heading":-1.564785603935} holding=null
INLOOP 2026-09-23T03:27:24.080Z saved 3707 samples to artifacts/inloop/calib_runs_v4/a1.samples.json
INLOOP 2026-09-23T03:27:24.082Z joined 21 calib detections to artifacts/inloop/calib_runs_v4/a1.calib.json
{"out":"artifacts/inloop/calib_runs_v4/a1.json","runState":"运行已结束","lines":139,"score":"40.0","wallSeconds":359.785}
