INLOOP 2026-09-23T09:09:52.046Z navigating login
INLOOP 2026-09-23T09:09:52.189Z assigned layout map-10 is wanted
INLOOP 2026-09-23T09:09:52.189Z navigating workspace
INLOOP 2026-09-23T09:10:04.618Z running program
INLOOP 2026-09-23T09:10:06.961Z t=2s tick=null samples=null events=null out=0 pose={"x":-2.4865,"z":-7.6757,"heading":3.141592653589793} holding=null
INLOOP 2026-09-23T09:10:37.093Z t=32s tick=1340 samples=null events=null out=2316 pose={"x":10.457612783435,"z":-9.467321051091,"heading":-1.562708923244} holding=null
INLOOP 2026-09-23T09:11:07.510Z t=63s tick=2706 samples=null events=null out=72378 pose={"x":14.437121806875,"z":4.497278193355,"heading":2.356194490674} holding=null
INLOOP 2026-09-23T09:11:37.796Z t=93s tick=4166 samples=null events=null out=77539 pose={"x":-2.484209461432,"z":-0.97273754379,"heading":-0.012560962735} holding="guangyang-target-1"
INLOOP 2026-09-23T09:12:08.040Z t=123s tick=5625 samples=null events=null out=82067 pose={"x":-2.456632403518,"z":-3.08159224507,"heading":-0.005829173456} holding="guangyang-target-1"
INLOOP 2026-09-23T09:12:38.301Z t=154s tick=7170 samples=null events=null out=86618 pose={"x":-2.459073292165,"z":-3.50867587132,"heading":-3.127699038002} holding="guangyang-target-1"
INLOOP 2026-09-23T09:13:08.548Z t=184s tick=8781 samples=null events=null out=91215 pose={"x":-2.478163971645,"z":-1.431748524439,"heading":3.129242667989} holding="guangyang-target-1"
INLOOP 2026-09-23T09:13:38.795Z t=214s tick=10201 samples=null events=null out=95423 pose={"x":-2.486175650537,"z":-0.804798904128,"heading":-0.006757332023} holding="guangyang-target-1"
INLOOP 2026-09-23T09:14:09.045Z t=244s tick=11660 samples=null events=null out=99951 pose={"x":-2.458733598033,"z":-2.881609846734,"heading":-0.024538931661} holding="guangyang-target-1"
INLOOP 2026-09-23T09:14:39.298Z t=275s tick=13132 samples=null events=null out=104502 pose={"x":-2.461157267441,"z":-3.658661394112,"heading":2.87990796623} holding="guangyang-target-1"
INLOOP 2026-09-23T09:15:09.563Z t=305s tick=14816 samples=null events=null out=109099 pose={"x":-2.474792511276,"z":-1.704727705428,"heading":3.129242667988} holding="guangyang-target-1"
INLOOP 2026-09-23T09:15:39.811Z t=335s tick=16236 samples=null events=null out=113307 pose={"x":-2.48650000002,"z":-0.7568,"heading":0.553242667989} holding="guangyang-target-1"
INLOOP 2026-09-23T09:15:57.991Z python feedback visible: Traceback (most recent call last):
  File "/lib/python312.zip/_pyodide/_base.py", line 597, in eval_code_async
    await CodeRunner(
  File "/lib/python312.zip/_pyodide/_base.py", line 413, in run_async
    await coroutine
  File "<exec>", line 295, in <module>
  File "<学生代码>", line 2123, in __stude
INLOOP 2026-09-23T09:15:59.609Z saved 3510 samples to /Users/ken/Desktop/wm_bench/artifacts/inloop/stage-1/round-1/attempts/attempt-008.samples.json
{"out":"/Users/ken/Desktop/wm_bench/artifacts/inloop/stage-1/round-1/attempts/attempt-008.json","runState":"运行已结束","lines":587,"score":"40.0","wallSeconds":353.373}
