INLOOP 2026-09-23T16:51:09.331Z navigating login
INLOOP 2026-09-23T16:51:09.531Z assigned layout map-04 is wanted
INLOOP 2026-09-23T16:51:09.531Z navigating workspace
INLOOP 2026-09-23T16:51:25.457Z running program
INLOOP 2026-09-23T16:51:27.783Z t=2s tick=null samples=null events=null out=0 pose={"x":-2.4865,"z":-7.6757,"heading":3.141592653589793} holding=null
INLOOP 2026-09-23T16:51:58.218Z t=33s tick=1310 samples=null events=null out=7186 pose={"x":7.536072886249,"z":-8.802668696685,"heading":2.191060477387} holding=null
INLOOP 2026-09-23T16:52:28.457Z t=63s tick=2713 samples=null events=null out=64138 pose={"x":4.110099929904,"z":-0.756965334624,"heading":-1.569948456854} holding=null
INLOOP 2026-09-23T16:52:58.806Z t=93s tick=4325 samples=null events=null out=85767 pose={"x":11.8456,"z":-3.258700000001,"heading":-0.768253214979} holding=null
INLOOP 2026-09-23T16:53:29.203Z t=124s tick=5587 samples=null events=null out=100632 pose={"x":11.636571608283,"z":1.170062908215,"heading":0.428530766171} holding=null
INLOOP 2026-09-23T16:53:59.690Z t=154s tick=7012 samples=null events=null out=105521 pose={"x":-3.385504655767,"z":-0.756800029661,"heading":1.570796353744} holding="guangyang-target-2"
INLOOP 2026-09-23T16:54:30.188Z t=185s tick=8639 samples=null events=null out=124291 pose={"x":-9.408434377923,"z":-6.024437055742,"heading":-3.10297560355} holding=null
INLOOP 2026-09-23T16:55:00.879Z t=215s tick=9463 samples=null events=null out=259433 pose={"x":-10.748493222217,"z":-3.92860122302,"heading":0.507674374783} holding=null
INLOOP 2026-09-23T16:55:31.297Z t=246s tick=10074 samples=null events=null out=454392 pose={"x":-11.035036925955,"z":-3.502866493664,"heading":-0.131468660667} holding=null
INLOOP 2026-09-23T16:56:01.420Z t=276s tick=10663 samples=null events=null out=578687 pose={"x":-7.5304107449,"z":-5.458464778584,"heading":-1.504854693894} holding=null
INLOOP 2026-09-23T16:56:31.967Z t=307s tick=11297 samples=null events=null out=681253 pose={"x":-10.748493222218,"z":-3.92860122302,"heading":2.553181303363} holding=null
INLOOP 2026-09-23T16:57:02.899Z t=337s tick=12066 samples=null events=null out=780986 pose={"x":-9.490705042871,"z":-6.719164549007,"heading":-2.804961094911} holding=null
INLOOP 2026-09-23T16:57:33.373Z t=368s tick=12522 samples=null events=null out=854738 pose={"x":-8.228911178814,"z":-5.455697489832,"heading":1.526365156131} holding=null
INLOOP 2026-09-23T16:58:03.827Z t=398s tick=13806 samples=null events=null out=884308 pose={"x":-2.483721323875,"z":-0.981782841472,"heading":-0.012349985613} holding=null
INLOOP 2026-09-23T16:58:33.980Z t=429s tick=15118 samples=null events=null out=891528 pose={"x":6.335624219478,"z":-4.702454146083,"heading":0.422705848776} holding=null
INLOOP 2026-09-23T16:59:04.119Z t=459s tick=16521 samples=null events=null out=898178 pose={"x":2.2853,"z":-5.482600011269,"heading":-1.570795575458} holding=null
INLOOP 2026-09-23T16:59:34.581Z t=489s tick=17914 samples=null events=null out=904036 pose={"x":9.9315,"z":-3.2587,"heading":-1.570796326795} holding=null
INLOOP 2026-09-23T17:00:05.023Z t=520s tick=19130 samples=null events=null out=926164 pose={"x":10.054094049529,"z":1.263240309506,"heading":1.60386963776} holding=null
INLOOP 2026-09-23T17:00:35.222Z t=550s tick=19982 samples=null events=null out=968487 pose={"x":10.032800936203,"z":1.273348163954,"heading":0.863500969073} holding=null
INLOOP 2026-09-23T17:01:05.272Z t=580s tick=20845 samples=null events=null out=1015837 pose={"x":5.513116135591,"z":-0.756946144664,"heading":-2.396962325481} holding=null
INLOOP 2026-09-23T17:01:38.337Z t=613s tick=21536 samples=null events=null out=1060312 pose={"x":3.513120883301,"z":-0.756788517029,"heading":0.864214101803} holding=null
INLOOP 2026-09-23T17:02:00.678Z saved 4795 samples to /Users/ken/Desktop/wm_bench/artifacts/inloop/opt-2/round-1/attempts/attempt-011.samples.json
{"out":"/Users/ken/Desktop/wm_bench/artifacts/inloop/opt-2/round-1/attempts/attempt-011.json","runState":"运行已结束","lines":6759,"score":"43.1","wallSeconds":633.503}
