INLOOP 2026-09-23T17:11:57.740Z navigating login
INLOOP 2026-09-23T17:11:57.955Z assigned layout map-08 is wanted
INLOOP 2026-09-23T17:11:57.955Z navigating workspace
INLOOP 2026-09-23T17:12:13.506Z running program
INLOOP 2026-09-23T17:12:15.773Z t=2s tick=null samples=null events=null out=0 pose={"x":-2.4865,"z":-7.6757,"heading":3.141592653589793} holding=null
INLOOP 2026-09-23T17:12:45.951Z t=32s tick=1310 samples=null events=null out=6357 pose={"x":7.560484634673,"z":-8.820106200487,"heading":2.191060477387} holding=null
INLOOP 2026-09-23T17:13:16.375Z t=63s tick=2820 samples=null events=null out=57922 pose={"x":7.48149162376,"z":-3.258664412758,"heading":-1.570775393232} holding=null
INLOOP 2026-09-23T17:13:46.545Z t=93s tick=4335 samples=null events=null out=93573 pose={"x":13.721761942382,"z":0.743567048006,"heading":-2.60126837328} holding=null
INLOOP 2026-09-23T17:14:16.597Z t=123s tick=5441 samples=null events=null out=99875 pose={"x":6.36844259052,"z":-4.62949556522,"heading":0.422705848784} holding="guangyang-target-1"
INLOOP 2026-09-23T17:14:47.031Z t=154s tick=7001 samples=null events=null out=118413 pose={"x":-10.427051549974,"z":-8.062373839113,"heading":-2.22645585109} holding=null
INLOOP 2026-09-23T17:15:17.031Z t=184s tick=8342 samples=null events=null out=123619 pose={"x":1.533456483557,"z":-5.481722105398,"heading":-1.56848616173} holding=null
INLOOP 2026-09-23T17:15:47.445Z t=214s tick=9793 samples=null events=null out=129663 pose={"x":9.5415,"z":-3.258700000016,"heading":-1.570796326803} holding=null
INLOOP 2026-09-23T17:16:18.449Z t=245s tick=11011 samples=null events=null out=186886 pose={"x":9.179540828411,"z":1.291662710066,"heading":1.911047586124} holding=null
INLOOP 2026-09-23T17:18:46.562Z vision export failed: Runtime.evaluate timeout after 120000 ms
INLOOP 2026-09-23T17:18:58.934Z t=405s tick=11476 samples=null events=null out=242587 pose={"x":5.994595980425,"z":-0.252953445892,"heading":1.940738224584} holding=null
INLOOP 2026-09-23T17:19:29.285Z t=436s tick=12883 samples=null events=null out=990536 pose={"x":13.104848987672,"z":-0.323260963567,"heading":-2.638737015546} holding=null
INLOOP 2026-09-23T17:20:02.653Z t=469s tick=13519 samples=null events=null out=1043650 pose={"x":12.603535777399,"z":-1.368771721923,"heading":1.36301049586} holding=null
INLOOP 2026-09-23T17:20:34.462Z t=501s tick=14009 samples=null events=null out=1119421 pose={"x":12.933707621153,"z":-0.640114873696,"heading":1.310633884665} holding=null
INLOOP 2026-09-23T17:21:04.539Z t=531s tick=14672 samples=null events=null out=1167907 pose={"x":11.975995675557,"z":1.155863525317,"heading":1.942087595542} holding=null
INLOOP 2026-09-23T17:21:38.282Z t=565s tick=14894 samples=null events=null out=1245620 pose={"x":10.382611739662,"z":1.287580046634,"heading":1.85428410857} holding=null
INLOOP 2026-09-23T17:22:14.714Z t=601s tick=15089 samples=null events=null out=1325642 pose={"x":8.791482585854,"z":1.340225945784,"heading":1.897259485006} holding=null
INLOOP 2026-09-23T17:22:45.236Z t=632s tick=15483 samples=null events=null out=1375929 pose={"x":5.994595980425,"z":-0.252953445892,"heading":0.21208232111} holding=null
INLOOP 2026-09-23T17:23:15.491Z t=662s tick=15850 samples=null events=null out=1428772 pose={"x":2.710135795738,"z":-0.758114877783,"heading":1.574124975583} holding=null
INLOOP 2026-09-23T17:23:53.531Z t=700s tick=17349 samples=null events=null out=1454743 pose={"x":-1.2535,"z":-5.482600000002,"heading":1.570796326796} holding=null
INLOOP 2026-09-23T17:24:27.183Z t=734s tick=17513 samples=null events=null out=1509986 pose={"x":-6.101426205734,"z":-5.474250425931,"heading":1.588472044105} holding=null
INLOOP 2026-09-23T17:24:57.781Z t=764s tick=17786 samples=null events=null out=1565054 pose={"x":-8.297216850293,"z":-5.45873438946,"heading":1.526365155901} holding=null
INLOOP 2026-09-23T17:25:36.308Z t=803s tick=18135 samples=null events=null out=1623609 pose={"x":-9.820052119041,"z":-7.420854634449,"heading":0.610736829489} holding=null
INLOOP 2026-09-23T17:26:14.468Z t=841s tick=18516 samples=null events=null out=1679520 pose={"x":-10.01294313694,"z":-7.69640685865,"heading":0.665852490043} holding=null
INLOOP 2026-09-23T17:26:44.810Z t=871s tick=18995 samples=null events=null out=1720003 pose={"x":-9.54631494627,"z":-6.878072034251,"heading":-2.804961094851} holding=null
INLOOP 2026-09-23T17:26:49.058Z saved 4162 samples to /Users/ken/Desktop/wm_bench/artifacts/inloop/opt-2/round-1/attempts/attempt-022.samples.json
{"out":"/Users/ken/Desktop/wm_bench/artifacts/inloop/opt-2/round-1/attempts/attempt-022.json","runState":"运行已结束","lines":12348,"score":"43.1","wallSeconds":873.819}
