INLOOP 2026-09-23T16:23:27.121Z navigating login
INLOOP 2026-09-23T16:23:27.265Z assigned layout map-06 is wanted
INLOOP 2026-09-23T16:23:27.265Z navigating workspace
INLOOP 2026-09-23T16:23:41.888Z running program
INLOOP 2026-09-23T16:23:44.104Z t=2s tick=null samples=null events=null out=0 pose={"x":-2.4865,"z":-7.6757,"heading":3.141592653589793} holding=null
INLOOP 2026-09-23T16:24:14.217Z t=32s tick=1310 samples=null events=null out=7374 pose={"x":7.462837640977,"z":-8.750356185279,"heading":2.191060477387} holding=null
INLOOP 2026-09-23T16:24:44.487Z t=63s tick=2903 samples=null events=null out=91672 pose={"x":7.443567602687,"z":2.543427587822,"heading":0.099700703152} holding=null
INLOOP 2026-09-23T16:25:14.743Z t=93s tick=3959 samples=null events=null out=120499 pose={"x":14.03815722246,"z":4.807050768468,"heading":2.458630457957} holding=null
INLOOP 2026-09-23T16:25:45.054Z t=123s tick=5517 samples=null events=null out=125070 pose={"x":-1.965500006458,"z":-5.482584284011,"heading":1.570798748142} holding="guangyang-target-2"
INLOOP 2026-09-23T16:26:15.364Z t=153s tick=6932 samples=null events=null out=129405 pose={"x":7.459500000006,"z":2.702699999999,"heading":-3.100000839686} holding="guangyang-target-2"
INLOOP 2026-09-23T16:26:45.633Z t=184s tick=8508 samples=null events=null out=132131 pose={"x":-9.528999999992,"z":-5.513499999994,"heading":-0.643436354505} holding="guangyang-target-2"
INLOOP 2026-09-23T16:27:16.980Z t=215s tick=9702 samples=null events=null out=197925 pose={"x":-8.282231653824,"z":-5.45806814116,"heading":0.942460296135} holding=null
INLOOP 2026-09-23T16:27:50.473Z t=249s tick=10453 samples=null events=null out=400608 pose={"x":-10.297003953016,"z":-4.529984081157,"heading":0.001627225587} holding=null
INLOOP 2026-09-23T16:28:22.777Z t=281s tick=11079 samples=null events=null out=575545 pose={"x":-11.153279460531,"z":-3.24025898612,"heading":-0.143697267947} holding=null
INLOOP 2026-09-23T16:28:58.166Z t=316s tick=11572 samples=null events=null out=694221 pose={"x":-7.5304107449,"z":-5.458464778584,"heading":0.523728871112} holding=null
INLOOP 2026-09-23T16:29:28.366Z t=346s tick=12282 samples=null events=null out=813260 pose={"x":-10.030779485783,"z":-4.855312370868,"heading":2.466891191808} holding=null
INLOOP 2026-09-23T16:30:03.906Z t=382s tick=12959 samples=null events=null out=903965 pose={"x":-9.5985,"z":-0.756799999996,"heading":-1.515680666204} holding=null
INLOOP 2026-09-23T16:30:38.152Z t=416s tick=13437 samples=null events=null out=965962 pose={"x":-10.81593694325,"z":-3.83868111408,"heading":-0.078572489616} holding=null
INLOOP 2026-09-23T16:31:08.239Z t=446s tick=14545 samples=null events=null out=1028046 pose={"x":-2.463714855775,"z":-2.60165930005,"heading":-0.012349985613} holding=null
INLOOP 2026-09-23T16:31:44.236Z t=482s tick=15053 samples=null events=null out=1122890 pose={"x":-2.461919926824,"z":1.258050073827,"heading":-3.12939380365} holding=null
INLOOP 2026-09-23T16:32:22.843Z t=521s tick=16020 samples=null events=null out=1189110 pose={"x":5.97738296156,"z":5.584881257839,"heading":-0.801972306065} holding=null
INLOOP 2026-09-23T16:32:59.137Z t=557s tick=16735 samples=null events=null out=1257983 pose={"x":6.863609370818,"z":-2.446609370831,"heading":-0.78539816342} holding=null
INLOOP 2026-09-23T16:33:31.011Z t=589s tick=17259 samples=null events=null out=1327323 pose={"x":4.054499999894,"z":-5.482598860541,"heading":1.570798748142} holding=null
INLOOP 2026-09-23T16:35:07.092Z t=685s tick=17804 samples=null events=null out=1362790 pose={"x":-4.734500047559,"z":-5.48257757944,"heading":0.860234720306} holding=null
INLOOP 2026-09-23T16:35:37.271Z t=715s tick=19191 samples=null events=null out=1551976 pose={"x":6.524635786989,"z":-7.403501566999,"heading":-0.422901045164} holding=null
INLOOP 2026-09-23T16:36:07.854Z t=746s tick=20568 samples=null events=null out=1557310 pose={"x":13.104848987664,"z":-0.323260963562,"heading":-2.63873701534} holding=null
INLOOP 2026-09-23T16:36:38.203Z t=776s tick=22047 samples=null events=null out=1561085 pose={"x":4.09229557558,"z":10.143241149854,"heading":2.441647308068} holding=null
INLOOP 2026-09-23T16:37:08.542Z t=807s tick=23426 samples=null events=null out=1567939 pose={"x":-4.669579235477,"z":8.550786649948,"heading":2.219262199125} holding=null
INLOOP 2026-09-23T16:37:39.004Z t=837s tick=24983 samples=null events=null out=1573639 pose={"x":-8.633200000003,"z":4.525099999914,"heading":2.614509874366} holding=null
INLOOP 2026-09-23T16:37:58.213Z saved 5379 samples to /Users/ken/Desktop/wm_bench/artifacts/inloop/opt-2/round-1/attempts/attempt-004.samples.json
{"out":"/Users/ken/Desktop/wm_bench/artifacts/inloop/opt-2/round-1/attempts/attempt-004.json","runState":"运行已结束","lines":9628,"score":"58.5","wallSeconds":854.563}
