INLOOP 2026-09-23T16:13:40.531Z navigating login
INLOOP 2026-09-23T16:13:40.681Z assigned layout map-02 is wanted
INLOOP 2026-09-23T16:13:40.681Z navigating workspace
INLOOP 2026-09-23T16:13:54.772Z running program
INLOOP 2026-09-23T16:13:57.063Z t=2s tick=null samples=null events=null out=0 pose={"x":-2.4865,"z":-7.6757,"heading":3.141592653589793} holding=null
INLOOP 2026-09-23T16:14:27.190Z t=32s tick=1340 samples=null events=null out=6265 pose={"x":10.53261033072,"z":-9.467927599746,"heading":-1.562708923244} holding=null
INLOOP 2026-09-23T16:14:57.314Z t=63s tick=2770 samples=null events=null out=85880 pose={"x":12.370700000009,"z":-4.401499999995,"heading":-0.44692399741} holding=null
INLOOP 2026-09-23T16:15:27.441Z t=93s tick=4129 samples=null events=null out=148092 pose={"x":12.245491886598,"z":-2.088176754043,"heading":1.603557032455} holding=null
INLOOP 2026-09-23T16:15:57.852Z t=123s tick=5303 samples=null events=null out=153582 pose={"x":11.004351377661,"z":1.082922960516,"heading":1.44636125593} holding="guangyang-target-1"
INLOOP 2026-09-23T16:16:28.132Z t=153s tick=6855 samples=null events=null out=157863 pose={"x":-9.406648843569,"z":-5.97086878831,"heading":0.049974541817} holding="guangyang-target-1"
INLOOP 2026-09-23T16:16:58.468Z t=184s tick=8365 samples=null events=null out=176739 pose={"x":-2.4865,"z":-5.482599999991,"heading":-0.664343261883} holding=null
INLOOP 2026-09-23T16:17:28.594Z t=214s tick=9720 samples=null events=null out=181869 pose={"x":9.687643055574,"z":-9.466755308493,"heading":-1.580682157593} holding=null
INLOOP 2026-09-23T16:17:58.965Z t=244s tick=10978 samples=null events=null out=241286 pose={"x":8.939600060363,"z":-3.258732927212,"heading":-1.571510767326} holding=null
INLOOP 2026-09-23T16:18:29.167Z t=274s tick=12047 samples=null events=null out=333503 pose={"x":5.916144228468,"z":-5.482505054068,"heading":2.253793529538} holding=null
INLOOP 2026-09-23T16:19:00.424Z t=306s tick=12643 samples=null events=null out=488952 pose={"x":1.516197062647,"z":-5.488410725731,"heading":2.253276950812} holding=null
INLOOP 2026-09-23T16:19:30.723Z t=336s tick=13355 samples=null events=null out=615061 pose={"x":-1.703499992299,"z":-5.482515113279,"heading":1.570977879657} holding=null
INLOOP 2026-09-23T16:20:01.846Z t=367s tick=13834 samples=null events=null out=703998 pose={"x":-3.542488844388,"z":-5.4826,"heading":2.254017929125} holding=null
INLOOP 2026-09-23T16:20:33.584Z t=399s tick=14217 samples=null events=null out=812224 pose={"x":-5.286488630425,"z":-5.482401730682,"heading":2.253793529614} holding=null
INLOOP 2026-09-23T16:21:04.590Z t=430s tick=14476 samples=null events=null out=901371 pose={"x":-7.134390782461,"z":-5.464563431452,"heading":2.306627139353} holding=null
INLOOP 2026-09-23T16:21:35.578Z t=461s tick=14968 samples=null events=null out=992301 pose={"x":-9.811450050372,"z":-7.408566249096,"heading":0.665438826311} holding=null
INLOOP 2026-09-23T16:22:05.998Z t=491s tick=15309 samples=null events=null out=1073098 pose={"x":-10.255302432047,"z":-8.034430974688,"heading":2.250508568273} holding=null
INLOOP 2026-09-23T16:22:41.395Z t=527s tick=15556 samples=null events=null out=1169040 pose={"x":-10.638785001978,"z":-8.305915225307,"heading":2.252543123523} holding=null
INLOOP 2026-09-23T16:23:12.209Z t=557s tick=15959 samples=null events=null out=1236883 pose={"x":-9.585004520915,"z":-7.021469782299,"heading":2.362214860083} holding=null
INLOOP 2026-09-23T16:23:24.728Z saved 3810 samples to /Users/ken/Desktop/wm_bench/artifacts/inloop/opt-2/round-1/attempts/attempt-003.samples.json
{"out":"/Users/ken/Desktop/wm_bench/artifacts/inloop/opt-2/round-1/attempts/attempt-003.json","runState":"运行已结束","lines":8634,"score":"43.1","wallSeconds":568.272}
