INLOOP 2026-09-23T17:02:11.011Z navigating login
INLOOP 2026-09-23T17:02:11.223Z assigned layout map-07 is wanted
INLOOP 2026-09-23T17:02:11.224Z navigating workspace
INLOOP 2026-09-23T17:02:26.631Z running program
INLOOP 2026-09-23T17:02:28.995Z t=2s tick=null samples=null events=null out=0 pose={"x":-2.4865,"z":-7.6757,"heading":3.141592653589793} holding=null
INLOOP 2026-09-23T17:02:59.295Z t=33s tick=1310 samples=null events=null out=7373 pose={"x":7.523867012037,"z":-8.793949944784,"heading":2.191060477387} holding=null
INLOOP 2026-09-23T17:03:29.754Z t=63s tick=2815 samples=null events=null out=15558 pose={"x":13.729699999999,"z":0.756800000002,"heading":1.733639006135} holding=null
INLOOP 2026-09-23T17:04:00.164Z t=94s tick=3683 samples=null events=null out=219513 pose={"x":3.115104079345,"z":-0.75680010471,"heading":2.572970829087} holding=null
INLOOP 2026-09-23T17:04:30.277Z t=124s tick=4751 samples=null events=null out=333142 pose={"x":7.419887683078,"z":2.293724583606,"heading":-3.035739451505} holding=null
INLOOP 2026-09-23T17:05:01.655Z t=155s tick=5437 samples=null events=null out=450916 pose={"x":6.961592051718,"z":4.43763206968,"heading":-0.699543823283} holding=null
INLOOP 2026-09-23T17:05:32.063Z t=185s tick=6229 samples=null events=null out=544849 pose={"x":6.500066973146,"z":5.087493483405,"heading":1.602871467611} holding=null
INLOOP 2026-09-23T17:06:02.064Z t=215s tick=6952 samples=null events=null out=630891 pose={"x":4.533402380225,"z":6.802364595859,"heading":2.178417347929} holding=null
INLOOP 2026-09-23T17:06:32.664Z t=246s tick=7666 samples=null events=null out=706300 pose={"x":4.648734176764,"z":9.254151300897,"heading":2.79664019616} holding=null
INLOOP 2026-09-23T17:07:04.266Z t=278s tick=8023 samples=null events=null out=771005 pose={"x":3.493999187246,"z":6.064846943651,"heading":2.852834465888} holding=null
INLOOP 2026-09-23T17:07:34.487Z t=308s tick=8637 samples=null events=null out=837686 pose={"x":5.966602029356,"z":5.59531061548,"heading":2.852572614689} holding=null
INLOOP 2026-09-23T17:08:04.523Z t=338s tick=9901 samples=null events=null out=875235 pose={"x":1.035100945278,"z":-0.7568000057,"heading":1.570796353123} holding=null
INLOOP 2026-09-23T17:08:34.858Z t=368s tick=11348 samples=null events=null out=881199 pose={"x":-4.326911751055,"z":8.287082114725,"heading":2.275262199125} holding=null
INLOOP 2026-09-23T17:09:05.114Z t=398s tick=12905 samples=null events=null out=887749 pose={"x":-8.540259302503,"z":4.521779345989,"heading":1.606509874366} holding=null
INLOOP 2026-09-23T17:09:39.436Z t=433s tick=13340 samples=null events=null out=958452 pose={"x":-6.634331151065,"z":4.459453308002,"heading":0.773985054635} holding=null
INLOOP 2026-09-23T17:10:17.230Z t=471s tick=13712 samples=null events=null out=1066317 pose={"x":-6.236931003558,"z":4.454360629225,"heading":0.814141840524} holding=null
INLOOP 2026-09-23T17:10:48.102Z t=501s tick=14018 samples=null events=null out=1177724 pose={"x":-6.588890917579,"z":4.45967995147,"heading":0.832250195927} holding=null
INLOOP 2026-09-23T17:11:22.577Z t=536s tick=14727 samples=null events=null out=1254948 pose={"x":-7.400983111454,"z":4.481155831061,"heading":1.611932226123} holding=null
INLOOP 2026-09-23T17:11:53.644Z saved 3193 samples to /Users/ken/Desktop/wm_bench/artifacts/inloop/opt-2/round-1/attempts/attempt-019.samples.json
{"out":"/Users/ken/Desktop/wm_bench/artifacts/inloop/opt-2/round-1/attempts/attempt-019.json","runState":"运行已结束","lines":8949,"score":"40.0","wallSeconds":565.341}
