P0_COLLECT main start
P0_COLLECT server create
P0_COLLECT chrome launched
P0_COLLECT cdp connected
P0_COLLECT navigating login
P0_COLLECT login page loaded
P0_COLLECT registration 201
P0_COLLECT navigating workspace
P0_COLLECT simulator ready
P0_COLLECT mission selected guangyang2
P0_COLLECT running raw program
{
  "baselinePath": "/Users/ken/wm_bench/artifacts/p0/baseline_challenge2.json",
  "runState": "任务完成",
  "score": {
    "total": "99.0",
    "task": "40.0 / 40",
    "rule": "25.0 / 25",
    "auto": "15.0 / 15",
    "efficiency": "19.0 / 20",
    "mission": "完成",
    "runState": "任务完成",
    "outputTail": "广阳岛综合任务2路线执行完成\n"
  }
}
