INLOOP 2026-09-23T14:43:52.528Z navigating login
INLOOP 2026-09-23T14:43:52.694Z assigned layout map-04 is wanted
INLOOP 2026-09-23T14:43:52.694Z navigating workspace
INLOOP 2026-09-23T14:44:07.698Z running program
INLOOP 2026-09-23T14:44:09.921Z t=2s tick=null samples=null events=null out=0 pose={"x":-2.4865,"z":-7.6757,"heading":3.141592653589793} holding=null
INLOOP 2026-09-23T14:44:40.284Z t=33s tick=1310 samples=null events=null out=6851 pose={"x":7.511661137825,"z":-8.785231192883,"heading":2.191060477387} holding=null
INLOOP 2026-09-23T14:45:10.434Z t=63s tick=2713 samples=null events=null out=54229 pose={"x":4.110099929904,"z":-0.756965334624,"heading":-1.569948456854} holding=null
INLOOP 2026-09-23T14:45:40.791Z t=93s tick=4325 samples=null events=null out=75858 pose={"x":11.8456,"z":-3.258700000001,"heading":-0.600253214979} holding=null
INLOOP 2026-09-23T14:46:11.237Z t=124s tick=5725 samples=null events=null out=90770 pose={"x":11.157073912023,"z":1.148109337135,"heading":3.087508844148} holding="guangyang-target-2"
INLOOP 2026-09-23T14:46:41.533Z t=154s tick=7123 samples=null events=null out=94678 pose={"x":-2.479094020488,"z":-1.852774977584,"heading":-0.006757332016} holding="guangyang-target-2"
INLOOP 2026-09-23T14:47:11.877Z t=184s tick=8596 samples=null events=null out=99549 pose={"x":-2.461157267455,"z":-3.658661394112,"heading":0.78551286385} holding="guangyang-target-2"
INLOOP 2026-09-23T14:47:42.193Z t=214s tick=10127 samples=null events=null out=103757 pose={"x":-2.465170995568,"z":-2.483759101593,"heading":3.129242667989} holding="guangyang-target-2"
INLOOP 2026-09-23T14:48:12.528Z t=245s tick=11738 samples=null events=null out=108354 pose={"x":-2.486500000005,"z":-0.7568,"heading":2.177242667977} holding="guangyang-target-2"
INLOOP 2026-09-23T14:48:42.854Z t=275s tick=13158 samples=null events=null out=112562 pose={"x":-2.478080428403,"z":-2.002771552982,"heading":-0.006757332012} holding="guangyang-target-2"
INLOOP 2026-09-23T14:49:13.221Z t=306s tick=14637 samples=null events=null out=117433 pose={"x":-2.461157267441,"z":-3.658661394112,"heading":1.116206827382} holding="guangyang-target-2"
INLOOP 2026-09-23T14:49:43.562Z t=336s tick=16162 samples=null events=null out=121641 pose={"x":-2.467023446319,"z":-2.333770540611,"heading":3.129242667988} holding="guangyang-target-2"
INLOOP 2026-09-23T14:50:13.940Z t=366s tick=17773 samples=null events=null out=126238 pose={"x":-2.48650000002,"z":-0.7568,"heading":1.729242667989} holding="guangyang-target-2"
INLOOP 2026-09-23T14:50:44.274Z t=397s tick=19193 samples=null events=null out=130446 pose={"x":-2.476008944864,"z":-2.177753645923,"heading":-0.024538931639} holding="guangyang-target-2"
INLOOP 2026-09-23T14:50:55.695Z saved 4066 samples to /Users/ken/Desktop/wm_bench/artifacts/inloop/opt-1/round-2/attempts/attempt-005.samples.json
{"out":"/Users/ken/Desktop/wm_bench/artifacts/inloop/opt-1/round-2/attempts/attempt-005.json","runState":"运行已结束","lines":624,"score":"40.0","wallSeconds":406.353}
