INLOOP 2026-09-23T15:02:14.659Z navigating login
INLOOP 2026-09-23T15:02:14.833Z assigned layout map-07 is wanted
INLOOP 2026-09-23T15:02:14.833Z navigating workspace
INLOOP 2026-09-23T15:02:30.385Z running program
INLOOP 2026-09-23T15:02:32.685Z t=2s tick=null samples=null events=null out=0 pose={"x":-2.4865,"z":-7.6757,"heading":3.141592653589793} holding=null
INLOOP 2026-09-23T15:03:03.110Z t=33s tick=1310 samples=null events=null out=7043 pose={"x":7.536072886249,"z":-8.802668696685,"heading":2.191060477387} holding=null
INLOOP 2026-09-23T15:03:33.144Z t=63s tick=2815 samples=null events=null out=15409 pose={"x":13.89221380174,"z":0.847523800778,"heading":1.061639006135} holding=null
INLOOP 2026-09-23T15:04:04.237Z t=94s tick=3683 samples=null events=null out=219364 pose={"x":3.115104079345,"z":-0.75680010471,"heading":2.572970829087} holding=null
INLOOP 2026-09-23T15:04:34.686Z t=124s tick=4751 samples=null events=null out=332714 pose={"x":7.455018019136,"z":2.651992342205,"heading":-3.053433121793} holding=null
INLOOP 2026-09-23T15:05:05.818Z t=155s tick=5437 samples=null events=null out=450763 pose={"x":6.961592051718,"z":4.43763206968,"heading":-0.699543823283} holding=null
INLOOP 2026-09-23T15:05:35.999Z t=186s tick=6229 samples=null events=null out=544407 pose={"x":6.500066973146,"z":5.087493483405,"heading":1.602871467611} holding=null
INLOOP 2026-09-23T15:06:06.368Z t=216s tick=6952 samples=null events=null out=630723 pose={"x":4.432399999998,"z":6.872599999997,"heading":3.074417347929} holding=null
INLOOP 2026-09-23T15:06:36.445Z t=246s tick=7666 samples=null events=null out=706132 pose={"x":4.648734176764,"z":9.254151300897,"heading":2.79664019616} holding=null
INLOOP 2026-09-23T15:07:08.125Z t=278s tick=8023 samples=null events=null out=770837 pose={"x":3.493999187246,"z":6.064846943651,"heading":2.852834465888} holding=null
INLOOP 2026-09-23T15:07:38.546Z t=308s tick=8637 samples=null events=null out=837518 pose={"x":5.966602029356,"z":5.59531061548,"heading":2.852572614689} holding=null
INLOOP 2026-09-23T15:08:08.560Z t=338s tick=9901 samples=null events=null out=875346 pose={"x":1.005100945278,"z":-0.75680000491,"heading":1.570796353123} holding=null
INLOOP 2026-09-23T15:08:38.892Z t=369s tick=11348 samples=null events=null out=881027 pose={"x":-4.349770478333,"z":8.306510922905,"heading":2.275262199125} holding=null
INLOOP 2026-09-23T15:09:09.132Z t=399s tick=12905 samples=null events=null out=887575 pose={"x":-8.540259302503,"z":4.521779345989,"heading":1.606509874366} holding=null
INLOOP 2026-09-23T15:09:34.916Z saved 2915 samples to /Users/ken/Desktop/wm_bench/artifacts/inloop/opt-1/round-2/attempts/attempt-013.samples.json
{"out":"/Users/ken/Desktop/wm_bench/artifacts/inloop/opt-1/round-2/attempts/attempt-013.json","runState":"运行已结束","lines":6379,"score":"40.0","wallSeconds":422.892}
