INLOOP 2026-09-23T14:36:51.062Z navigating login
INLOOP 2026-09-23T14:36:51.215Z assigned layout map-09 is wanted
INLOOP 2026-09-23T14:36:51.215Z navigating workspace
INLOOP 2026-09-23T14:37:06.003Z running program
INLOOP 2026-09-23T14:37:08.257Z t=2s tick=null samples=null events=null out=0 pose={"x":-2.4865,"z":-7.6757,"heading":3.141592653589793} holding=null
INLOOP 2026-09-23T14:37:38.687Z t=33s tick=1310 samples=null events=null out=6574 pose={"x":7.356604982647,"z":-8.629896253747,"heading":2.498143294518} holding=null
INLOOP 2026-09-23T14:38:08.689Z t=63s tick=2739 samples=null events=null out=11852 pose={"x":14.965537791328,"z":3.937639320079,"heading":2.509962842529} holding=null
INLOOP 2026-09-23T14:38:39.093Z t=93s tick=4228 samples=null events=null out=122421 pose={"x":4.432400000002,"z":6.872599999999,"heading":-1.148676523773} holding=null
INLOOP 2026-09-23T14:39:09.365Z t=123s tick=5522 samples=null events=null out=185792 pose={"x":4.896247403255,"z":6.541321285762,"heading":-0.950605171959} holding=null
INLOOP 2026-09-23T14:39:39.725Z t=154s tick=6783 samples=null events=null out=195097 pose={"x":-2.479043472257,"z":3.37641569017,"heading":-0.007061037043} holding="guangyang-target-2"
INLOOP 2026-09-23T14:40:10.148Z t=184s tick=8388 samples=null events=null out=200337 pose={"x":-2.486499999989,"z":4.432399999996,"heading":2.793960456053} holding="guangyang-target-2"
INLOOP 2026-09-23T14:40:40.578Z t=215s tick=9774 samples=null events=null out=205190 pose={"x":-2.465842279585,"z":2.656571432413,"heading":2.465776202174} holding="guangyang-target-2"
INLOOP 2026-09-23T14:41:11.004Z t=245s tick=11334 samples=null events=null out=210091 pose={"x":-2.468554269231,"z":2.656539884591,"heading":-0.471736750637} holding="guangyang-target-2"
INLOOP 2026-09-23T14:41:41.441Z t=275s tick=12882 samples=null events=null out=215009 pose={"x":-2.486499999989,"z":4.432399999996,"heading":0.553960456053} holding="guangyang-target-2"
INLOOP 2026-09-23T14:42:11.888Z t=306s tick=14487 samples=null events=null out=220249 pose={"x":-2.473100010629,"z":3.28047793654,"heading":3.129960456053} holding="guangyang-target-2"
INLOOP 2026-09-23T14:42:42.311Z t=336s tick=15828 samples=null events=null out=224763 pose={"x":-2.465842279585,"z":2.656571432413,"heading":-0.462428524331} holding="guangyang-target-2"
INLOOP 2026-09-23T14:43:12.781Z t=367s tick=17376 samples=null events=null out=229681 pose={"x":-2.481861658421,"z":3.66441400678,"heading":-0.006039543947} holding="guangyang-target-2"
INLOOP 2026-09-23T14:43:43.241Z t=397s tick=18981 samples=null events=null out=234921 pose={"x":-2.485104167764,"z":4.312408118386,"heading":3.129960456053} holding="guangyang-target-2"
INLOOP 2026-09-23T14:43:50.445Z saved 3958 samples to /Users/ken/Desktop/wm_bench/artifacts/inloop/opt-1/round-2/attempts/attempt-003.samples.json
{"out":"/Users/ken/Desktop/wm_bench/artifacts/inloop/opt-1/round-2/attempts/attempt-003.json","runState":"运行已结束","lines":1237,"score":"40.0","wallSeconds":402.797}
