attempt 1 exit=3 INLOOP 2026-09-22T08:22:01.457Z navigating login {"out":"artifacts/inloop/v24_target_runs/attempt-1.json","skipped":true,"assignedMap":"map-07"} 
attempt 2 exit=3 INLOOP 2026-09-22T08:32:02.111Z navigating login {"out":"artifacts/inloop/v24_target_runs/attempt-2.json","skipped":true,"assignedMap":"map-05"} 
=== restart 08:53:13
attempt 1 exit=3 INLOOP 2026-09-22T08:53:13.934Z navigating login {"out":"artifacts/inloop/v24_target_runs/attempt-1.json","skipped":true,"assignedMap":"map-01"} 
attempt 2 exit=3 INLOOP 2026-09-22T08:53:14.681Z navigating login {"out":"artifacts/inloop/v24_target_runs/attempt-2.json","skipped":true,"assignedMap":"map-08"} 
attempt 3 exit=0 INLOOP 2026-09-22T08:53:15.634Z assigned layout map-03 is wanted INLOOP 2026-09-22T08:53:15.634Z navigating workspace INLOOP 2026-09-22T08:53:28.893Z running program {"out":"artifacts/inloop/v24_target_runs/attempt-3.json","runState":"运行已结束","lines":39,"score":"40.0","wallSeconds":38.762} 
DONE attempt 3
=== round2 13:53:18
attempt 1 exit=3 INLOOP 2026-09-22T13:53:18.627Z navigating login {"out":"artifacts/inloop/v24_target_runs/attempt-1.json","skipped":true,"assignedMap":"map-06"} 
attempt 2 exit=3 INLOOP 2026-09-22T13:53:19.533Z navigating login {"out":"artifacts/inloop/v24_target_runs/attempt-2.json","skipped":true,"assignedMap":"map-05"} 
attempt 3 exit=3 INLOOP 2026-09-22T13:53:21.852Z navigating login {"out":"artifacts/inloop/v24_target_runs/attempt-3.json","skipped":true,"assignedMap":"map-06"} 
attempt 4 exit=3 INLOOP 2026-09-22T13:53:23.491Z navigating login {"out":"artifacts/inloop/v24_target_runs/attempt-4.json","skipped":true,"assignedMap":"map-10"} 
attempt 5 exit=3 INLOOP 2026-09-22T13:53:25.157Z navigating login {"out":"artifacts/inloop/v24_target_runs/attempt-5.json","skipped":true,"assignedMap":"map-08"} 
attempt 6 exit=3 INLOOP 2026-09-22T13:53:26.883Z navigating login {"out":"artifacts/inloop/v24_target_runs/attempt-6.json","skipped":true,"assignedMap":"map-01"} 
attempt 7 exit=3 INLOOP 2026-09-22T13:53:28.594Z navigating login {"out":"artifacts/inloop/v24_target_runs/attempt-7.json","skipped":true,"assignedMap":"map-05"} 
attempt 8 exit=3 INLOOP 2026-09-22T13:53:30.351Z navigating login {"out":"artifacts/inloop/v24_target_runs/attempt-8.json","skipped":true,"assignedMap":"map-06"} 
attempt 9 exit=3 INLOOP 2026-09-22T13:53:31.996Z navigating login {"out":"artifacts/inloop/v24_target_runs/attempt-9.json","skipped":true,"assignedMap":"map-06"} 
attempt 10 exit=3 INLOOP 2026-09-22T13:53:33.659Z navigating login {"out":"artifacts/inloop/v24_target_runs/attempt-10.json","skipped":true,"assignedMap":"map-06"} 
attempt 11 exit=3 INLOOP 2026-09-22T13:53:35.342Z navigating login {"out":"artifacts/inloop/v24_target_runs/attempt-11.json","skipped":true,"assignedMap":"map-10"} 
attempt 12 exit=3 INLOOP 2026-09-22T13:53:36.986Z navigating login {"out":"artifacts/inloop/v24_target_runs/attempt-12.json","skipped":true,"assignedMap":"map-10"} 
attempt 13 exit=3 INLOOP 2026-09-22T13:53:38.597Z navigating login {"out":"artifacts/inloop/v24_target_runs/attempt-13.json","skipped":true,"assignedMap":"map-01"} 
attempt 14 exit=3 INLOOP 2026-09-22T13:53:40.399Z navigating login {"out":"artifacts/inloop/v24_target_runs/attempt-14.json","skipped":true,"assignedMap":"map-09"} 
attempt 15 exit=3 INLOOP 2026-09-22T13:53:42.046Z navigating login {"out":"artifacts/inloop/v24_target_runs/attempt-15.json","skipped":true,"assignedMap":"map-02"} 
attempt 16 exit=3 INLOOP 2026-09-22T13:53:43.721Z navigating login {"out":"artifacts/inloop/v24_target_runs/attempt-16.json","skipped":true,"assignedMap":"map-09"} 
attempt 17 exit=3 INLOOP 2026-09-22T13:53:45.403Z navigating login {"out":"artifacts/inloop/v24_target_runs/attempt-17.json","skipped":true,"assignedMap":"map-10"} 
attempt 18 exit=3 INLOOP 2026-09-22T13:53:47.089Z navigating login {"out":"artifacts/inloop/v24_target_runs/attempt-18.json","skipped":true,"assignedMap":"map-07"} 
attempt 19 exit=3 INLOOP 2026-09-22T13:53:48.744Z navigating login {"out":"artifacts/inloop/v24_target_runs/attempt-19.json","skipped":true,"assignedMap":"map-01"} 
attempt 20 exit=3 INLOOP 2026-09-22T13:53:50.112Z navigating login {"out":"artifacts/inloop/v24_target_runs/attempt-20.json","skipped":true,"assignedMap":"map-02"} 
attempt 21 exit=3 INLOOP 2026-09-22T14:09:09.617Z navigating login {"out":"artifacts/inloop/v24_target_runs/attempt-21.json","skipped":true,"assignedMap":"map-07"} 
attempt 22 exit=3 INLOOP 2026-09-22T14:09:10.668Z navigating login {"out":"artifacts/inloop/v24_target_runs/attempt-22.json","skipped":true,"assignedMap":"map-10"} 
attempt 23 exit=3 INLOOP 2026-09-22T14:09:11.441Z navigating login {"out":"artifacts/inloop/v24_target_runs/attempt-23.json","skipped":true,"assignedMap":"map-05"} 
attempt 24 exit=3 INLOOP 2026-09-22T14:09:12.679Z navigating login {"out":"artifacts/inloop/v24_target_runs/attempt-24.json","skipped":true,"assignedMap":"map-01"} 
attempt 25 exit=3 INLOOP 2026-09-22T14:09:15.292Z navigating login {"out":"artifacts/inloop/v24_target_runs/attempt-25.json","skipped":true,"assignedMap":"map-08"} 
attempt 26 exit=3 INLOOP 2026-09-22T14:09:16.896Z navigating login {"out":"artifacts/inloop/v24_target_runs/attempt-26.json","skipped":true,"assignedMap":"map-01"} 
attempt 27 exit=3 INLOOP 2026-09-22T14:09:18.811Z navigating login {"out":"artifacts/inloop/v24_target_runs/attempt-27.json","skipped":true,"assignedMap":"map-10"} 
attempt 28 exit=3 INLOOP 2026-09-22T14:09:20.530Z navigating login {"out":"artifacts/inloop/v24_target_runs/attempt-28.json","skipped":true,"assignedMap":"map-06"} 
attempt 29 exit=3 INLOOP 2026-09-22T14:09:22.174Z navigating login {"out":"artifacts/inloop/v24_target_runs/attempt-29.json","skipped":true,"assignedMap":"map-04"} 
attempt 30 exit=1 INLOOP 2026-09-22T14:09:23.884Z navigating login {"out":"artifacts/inloop/v24_target_runs/attempt-30.json","skipped":true,"assignedMap":"map-09"} Error: ENOTEMPTY: directory not empty, rmdir '/var/folders/ts/_2grm7dx5t15rqk1ydqmm1b40000gn/T/wm-inloop-OfWWT6/chrome-profile/Default/Cache/Cache_Data' 
DONE attempt 30
=== round3 14:09:50
attempt 1 exit=3 skipped=True INLOOP 2026-09-22T14:09:51.011Z navigating login {"out":"artifacts/inloop/v24_target_runs/attempt-1.json","skipped":true,"assignedMap":"map-04"} 
attempt 2 exit=3 skipped=True INLOOP 2026-09-22T14:09:51.870Z navigating login {"out":"artifacts/inloop/v24_target_runs/attempt-2.json","skipped":true,"assignedMap":"map-02"} 
attempt 3 exit=3 skipped=True INLOOP 2026-09-22T14:09:54.053Z navigating login {"out":"artifacts/inloop/v24_target_runs/attempt-3.json","skipped":true,"assignedMap":"map-04"} 
attempt 4 exit=1 skipped= er 600000 ms     at Timeout._onTimeout (/Users/ken/wm_bench/tools/inloop_driver.js:145:67)     at listOnTimeout (node:internal/timers:685:17)     at process.processTimers (node:internal/timers:618:7) 
attempt 5 exit=3 skipped=True INLOOP 2026-09-22T14:24:59.010Z navigating login {"out":"artifacts/inloop/v24_target_runs/attempt-5.json","skipped":true,"assignedMap":"map-10"} 
attempt 6 exit=1 skipped= r.js:90:9)     at runNextTicks (node:internal/process/task_queues:65:5)     at process.processTimers (node:internal/timers:615:9)     at async main (/Users/ken/wm_bench/tools/inloop_driver.js:135:19) 
attempt 7 exit=3 skipped=True INLOOP 2026-09-22T14:42:43.635Z navigating login {"out":"artifacts/inloop/v24_target_runs/attempt-7.json","skipped":true,"assignedMap":"map-09"} 
attempt 8 exit=3 skipped=True INLOOP 2026-09-22T14:42:44.435Z navigating login {"out":"artifacts/inloop/v24_target_runs/attempt-8.json","skipped":true,"assignedMap":"map-08"} 
attempt 9 exit=1 skipped= er 600000 ms     at Timeout._onTimeout (/Users/ken/wm_bench/tools/inloop_driver.js:145:67)     at listOnTimeout (node:internal/timers:685:17)     at process.processTimers (node:internal/timers:618:7) 
attempt 10 exit=3 skipped=True INLOOP 2026-09-22T14:58:07.003Z navigating login {"out":"artifacts/inloop/v24_target_runs/attempt-10.json","skipped":true,"assignedMap":"map-08"} 
attempt 11 exit=3 skipped=True INLOOP 2026-09-22T14:58:07.825Z navigating login {"out":"artifacts/inloop/v24_target_runs/attempt-11.json","skipped":true,"assignedMap":"map-10"} 
attempt 12 exit=3 skipped=True INLOOP 2026-09-22T14:58:08.646Z navigating login {"out":"artifacts/inloop/v24_target_runs/attempt-12.json","skipped":true,"assignedMap":"map-08"} 
attempt 13 exit=1 skipped= r.js:90:9)     at runNextTicks (node:internal/process/task_queues:65:5)     at process.processTimers (node:internal/timers:615:9)     at async main (/Users/ken/wm_bench/tools/inloop_driver.js:135:19) 
attempt 14 exit=3 skipped=True INLOOP 2026-09-22T15:10:10.538Z navigating login {"out":"artifacts/inloop/v24_target_runs/attempt-14.json","skipped":true,"assignedMap":"map-08"} 
attempt 15 exit=3 skipped=True INLOOP 2026-09-22T15:10:11.295Z navigating login {"out":"artifacts/inloop/v24_target_runs/attempt-15.json","skipped":true,"assignedMap":"map-06"} 
attempt 16 exit=3 skipped=True INLOOP 2026-09-22T15:10:12.200Z navigating login {"out":"artifacts/inloop/v24_target_runs/attempt-16.json","skipped":true,"assignedMap":"map-07"} 
attempt 17 exit=3 skipped=True INLOOP 2026-09-22T15:10:14.691Z navigating login {"out":"artifacts/inloop/v24_target_runs/attempt-17.json","skipped":true,"assignedMap":"map-07"} 
attempt 18 exit=3 skipped=True INLOOP 2026-09-22T15:10:16.452Z navigating login {"out":"artifacts/inloop/v24_target_runs/attempt-18.json","skipped":true,"assignedMap":"map-02"} 
attempt 19 exit=3 skipped=True INLOOP 2026-09-22T15:10:18.062Z navigating login {"out":"artifacts/inloop/v24_target_runs/attempt-19.json","skipped":true,"assignedMap":"map-08"} 
attempt 20 exit=0 skipped=False e":false,"feedbackHidden":true,"feedbackText":"Python 代码有问题"} {"out":"artifacts/inloop/v24_target_runs/attempt-20.json","runState":"timeout","lines":5,"score":"40.0","wallSeconds":1034.007} 
DONE attempt 20
=== round4 19:02:34
attempt 1 exit=3 skipped=True INLOOP 2026-09-22T19:02:34.701Z navigating login {"out":"artifacts/inloop/v24_target_runs/attempt-1.json","skipped":true,"assignedMap":"map-01"} 
attempt 2 exit=0 skipped=False 20:38.872Z program end timeout: Runtime.evaluate timeout after 600000 ms {"out":"artifacts/inloop/v24_target_runs/attempt-2.json","runState":"timeout","lines":1,"score":"40.0","wallSeconds":1060.096} 
DONE attempt 2
=== round5 20:39:35
attempt 1 exit=1 skipped= er 600000 ms     at Timeout._onTimeout (/Users/ken/wm_bench/tools/inloop_driver.js:145:67)     at listOnTimeout (node:internal/timers:685:17)     at process.processTimers (node:internal/timers:618:7) 
attempt 2 exit=3 skipped=True INLOOP 2026-09-22T20:55:50.008Z navigating login {"out":"artifacts/inloop/v24_target_runs/attempt-2.json","skipped":true,"assignedMap":"map-02"} 
attempt 3 exit=3 skipped=True INLOOP 2026-09-22T20:55:50.947Z navigating login {"out":"artifacts/inloop/v24_target_runs/attempt-3.json","skipped":true,"assignedMap":"map-10"} 
attempt 4 exit=3 skipped=True INLOOP 2026-09-22T20:55:51.778Z navigating login {"out":"artifacts/inloop/v24_target_runs/attempt-4.json","skipped":true,"assignedMap":"map-04"} 
attempt 5 exit=3 skipped=True INLOOP 2026-09-22T20:55:53.220Z navigating login {"out":"artifacts/inloop/v24_target_runs/attempt-5.json","skipped":true,"assignedMap":"map-10"} 
attempt 6 exit=3 skipped=True INLOOP 2026-09-22T21:03:18.926Z navigating login {"out":"artifacts/inloop/v24_target_runs/attempt-6.json","skipped":true,"assignedMap":"map-07"} 
attempt 7 exit=3 skipped=True INLOOP 2026-09-22T21:03:19.954Z navigating login {"out":"artifacts/inloop/v24_target_runs/attempt-7.json","skipped":true,"assignedMap":"map-08"} 
attempt 8 exit=3 skipped=True INLOOP 2026-09-22T21:03:20.804Z navigating login {"out":"artifacts/inloop/v24_target_runs/attempt-8.json","skipped":true,"assignedMap":"map-05"} 
attempt 9 exit=3 skipped=True INLOOP 2026-09-22T21:03:23.114Z navigating login {"out":"artifacts/inloop/v24_target_runs/attempt-9.json","skipped":true,"assignedMap":"map-01"} 
attempt 10 exit=3 skipped=True INLOOP 2026-09-22T21:03:25.290Z navigating login {"out":"artifacts/inloop/v24_target_runs/attempt-10.json","skipped":true,"assignedMap":"map-02"} 
attempt 11 exit=3 skipped=True INLOOP 2026-09-22T21:03:27.152Z navigating login {"out":"artifacts/inloop/v24_target_runs/attempt-11.json","skipped":true,"assignedMap":"map-02"} 
=== round6 caffeinate 21:03:40
attempt 1 exit=3 skipped=True INLOOP 2026-09-22T21:03:40.634Z navigating login {"out":"artifacts/inloop/v24_target_runs/attempt-1.json","skipped":true,"assignedMap":"map-10"} 
attempt 2 exit=3 skipped=True INLOOP 2026-09-22T21:03:41.379Z navigating login {"out":"artifacts/inloop/v24_target_runs/attempt-2.json","skipped":true,"assignedMap":"map-07"} 
attempt 3 exit=3 skipped=True INLOOP 2026-09-22T21:03:42.164Z navigating login {"out":"artifacts/inloop/v24_target_runs/attempt-3.json","skipped":true,"assignedMap":"map-10"} 
attempt 4 exit=3 skipped=True INLOOP 2026-09-22T21:03:43.007Z navigating login {"out":"artifacts/inloop/v24_target_runs/attempt-4.json","skipped":true,"assignedMap":"map-07"} 
attempt 5 exit=3 skipped=True INLOOP 2026-09-22T21:03:45.506Z navigating login {"out":"artifacts/inloop/v24_target_runs/attempt-5.json","skipped":true,"assignedMap":"map-10"} 
attempt 6 exit=3 skipped=True INLOOP 2026-09-22T21:03:47.418Z navigating login {"out":"artifacts/inloop/v24_target_runs/attempt-6.json","skipped":true,"assignedMap":"map-05"} 
attempt 7 exit=3 skipped=True INLOOP 2026-09-22T21:03:49.009Z navigating login {"out":"artifacts/inloop/v24_target_runs/attempt-7.json","skipped":true,"assignedMap":"map-09"} 
attempt 8 exit=3 skipped=True INLOOP 2026-09-22T21:03:50.719Z navigating login {"out":"artifacts/inloop/v24_target_runs/attempt-8.json","skipped":true,"assignedMap":"map-02"} 
attempt 9 exit=3 skipped=True INLOOP 2026-09-22T21:03:52.376Z navigating login {"out":"artifacts/inloop/v24_target_runs/attempt-9.json","skipped":true,"assignedMap":"map-06"} 
attempt 10 exit=3 skipped=True INLOOP 2026-09-22T21:03:54.012Z navigating login {"out":"artifacts/inloop/v24_target_runs/attempt-10.json","skipped":true,"assignedMap":"map-02"} 
attempt 11 exit=3 skipped=True INLOOP 2026-09-22T21:03:55.671Z navigating login {"out":"artifacts/inloop/v24_target_runs/attempt-11.json","skipped":true,"assignedMap":"map-10"} 
attempt 12 exit=3 skipped=True INLOOP 2026-09-22T21:03:57.415Z navigating login {"out":"artifacts/inloop/v24_target_runs/attempt-12.json","skipped":true,"assignedMap":"map-04"} 
attempt 13 exit=3 skipped=True INLOOP 2026-09-22T21:03:59.092Z navigating login {"out":"artifacts/inloop/v24_target_runs/attempt-13.json","skipped":true,"assignedMap":"map-06"} 
attempt 14 exit=3 skipped=True INLOOP 2026-09-22T21:04:00.785Z navigating login {"out":"artifacts/inloop/v24_target_runs/attempt-14.json","skipped":true,"assignedMap":"map-09"} 
attempt 15 exit=3 skipped=True INLOOP 2026-09-22T21:04:02.495Z navigating login {"out":"artifacts/inloop/v24_target_runs/attempt-15.json","skipped":true,"assignedMap":"map-09"} 
attempt 16 exit=3 skipped=True INLOOP 2026-09-22T21:04:03.893Z navigating login {"out":"artifacts/inloop/v24_target_runs/attempt-16.json","skipped":true,"assignedMap":"map-10"} 
attempt 17 exit=1 skipped= r.js:90:9)     at runNextTicks (node:internal/process/task_queues:65:5)     at process.processTimers (node:internal/timers:615:9)     at async main (/Users/ken/wm_bench/tools/inloop_driver.js:135:19) 
attempt 18 exit=3 skipped=True INLOOP 2026-09-22T21:11:32.394Z navigating login {"out":"artifacts/inloop/v24_target_runs/attempt-18.json","skipped":true,"assignedMap":"map-06"} 
attempt 19 exit=3 skipped=True INLOOP 2026-09-22T21:11:33.550Z navigating login {"out":"artifacts/inloop/v24_target_runs/attempt-19.json","skipped":true,"assignedMap":"map-02"} 
attempt 20 exit=3 skipped=True INLOOP 2026-09-22T21:11:34.336Z navigating login {"out":"artifacts/inloop/v24_target_runs/attempt-20.json","skipped":true,"assignedMap":"map-01"} 
attempt 21 exit=3 skipped=True INLOOP 2026-09-22T21:11:35.271Z navigating login {"out":"artifacts/inloop/v24_target_runs/attempt-21.json","skipped":true,"assignedMap":"map-08"} 
attempt 22 exit=3 skipped=True INLOOP 2026-09-22T21:11:37.924Z navigating login {"out":"artifacts/inloop/v24_target_runs/attempt-22.json","skipped":true,"assignedMap":"map-09"} 
attempt 23 exit=3 skipped=True INLOOP 2026-09-22T21:11:39.606Z navigating login {"out":"artifacts/inloop/v24_target_runs/attempt-23.json","skipped":true,"assignedMap":"map-08"} 
attempt 24 exit=3 skipped=True INLOOP 2026-09-22T21:11:41.246Z navigating login {"out":"artifacts/inloop/v24_target_runs/attempt-24.json","skipped":true,"assignedMap":"map-07"} 
attempt 25 exit=3 skipped=True INLOOP 2026-09-22T21:11:43.051Z navigating login {"out":"artifacts/inloop/v24_target_runs/attempt-25.json","skipped":true,"assignedMap":"map-09"} 
attempt 26 exit=3 skipped=True INLOOP 2026-09-22T21:11:44.699Z navigating login {"out":"artifacts/inloop/v24_target_runs/attempt-26.json","skipped":true,"assignedMap":"map-06"} 
attempt 27 exit=3 skipped=True INLOOP 2026-09-22T21:11:46.369Z navigating login {"out":"artifacts/inloop/v24_target_runs/attempt-27.json","skipped":true,"assignedMap":"map-08"} 
attempt 28 exit=3 skipped=True INLOOP 2026-09-22T21:11:48.033Z navigating login {"out":"artifacts/inloop/v24_target_runs/attempt-28.json","skipped":true,"assignedMap":"map-08"} 
attempt 29 exit=3 skipped=True INLOOP 2026-09-22T21:11:49.687Z navigating login {"out":"artifacts/inloop/v24_target_runs/attempt-29.json","skipped":true,"assignedMap":"map-02"} 
attempt 30 exit=3 skipped=True INLOOP 2026-09-22T21:11:51.333Z navigating login {"out":"artifacts/inloop/v24_target_runs/attempt-30.json","skipped":true,"assignedMap":"map-04"} 
attempt 31 exit=3 skipped=True INLOOP 2026-09-22T21:11:53.071Z navigating login {"out":"artifacts/inloop/v24_target_runs/attempt-31.json","skipped":true,"assignedMap":"map-05"} 
attempt 32 exit=3 skipped=True INLOOP 2026-09-22T21:11:54.834Z navigating login {"out":"artifacts/inloop/v24_target_runs/attempt-32.json","skipped":true,"assignedMap":"map-05"} 
attempt 33 exit=3 skipped=True INLOOP 2026-09-22T21:11:56.550Z navigating login {"out":"artifacts/inloop/v24_target_runs/attempt-33.json","skipped":true,"assignedMap":"map-06"} 
attempt 34 exit=3 skipped=True INLOOP 2026-09-22T21:11:58.216Z navigating login {"out":"artifacts/inloop/v24_target_runs/attempt-34.json","skipped":true,"assignedMap":"map-04"} 
attempt 35 exit=3 skipped=True INLOOP 2026-09-22T21:11:59.864Z navigating login {"out":"artifacts/inloop/v24_target_runs/attempt-35.json","skipped":true,"assignedMap":"map-01"} 
attempt 36 exit=3 skipped=True INLOOP 2026-09-22T21:12:01.550Z navigating login {"out":"artifacts/inloop/v24_target_runs/attempt-36.json","skipped":true,"assignedMap":"map-01"} 
attempt 37 exit=1 skipped= er 600000 ms     at Timeout._onTimeout (/Users/ken/wm_bench/tools/inloop_driver.js:145:67)     at listOnTimeout (node:internal/timers:685:17)     at process.processTimers (node:internal/timers:618:7) 
attempt 38 exit=3 skipped=True INLOOP 2026-09-22T21:28:06.135Z navigating login {"out":"artifacts/inloop/v24_target_runs/attempt-38.json","skipped":true,"assignedMap":"map-05"} 
attempt 39 exit=3 skipped=True INLOOP 2026-09-22T21:28:07.034Z navigating login {"out":"artifacts/inloop/v24_target_runs/attempt-39.json","skipped":true,"assignedMap":"map-07"} 
attempt 40 exit=3 skipped=True INLOOP 2026-09-22T21:28:07.834Z navigating login {"out":"artifacts/inloop/v24_target_runs/attempt-40.json","skipped":true,"assignedMap":"map-09"} 
attempt 41 exit=3 skipped=True INLOOP 2026-09-22T21:28:09.100Z navigating login {"out":"artifacts/inloop/v24_target_runs/attempt-41.json","skipped":true,"assignedMap":"map-08"} 
attempt 42 exit=3 skipped=True INLOOP 2026-09-22T21:43:36.803Z navigating login {"out":"artifacts/inloop/v24_target_runs/attempt-42.json","skipped":true,"assignedMap":"map-01"} 
attempt 43 exit=1 skipped= r.js:90:9)     at runNextTicks (node:internal/process/task_queues:65:5)     at process.processTimers (node:internal/timers:615:9)     at async main (/Users/ken/wm_bench/tools/inloop_driver.js:135:19) 
attempt 44 exit=3 skipped=True INLOOP 2026-09-22T21:48:47.789Z navigating login {"out":"artifacts/inloop/v24_target_runs/attempt-44.json","skipped":true,"assignedMap":"map-06"} 
attempt 45 exit=3 skipped=True INLOOP 2026-09-22T21:48:48.578Z navigating login {"out":"artifacts/inloop/v24_target_runs/attempt-45.json","skipped":true,"assignedMap":"map-07"} 
attempt 46 exit=3 skipped=True INLOOP 2026-09-22T21:48:49.487Z navigating login {"out":"artifacts/inloop/v24_target_runs/attempt-46.json","skipped":true,"assignedMap":"map-02"} 
attempt 47 exit=3 skipped=True INLOOP 2026-09-22T21:48:52.054Z navigating login {"out":"artifacts/inloop/v24_target_runs/attempt-47.json","skipped":true,"assignedMap":"map-09"} 
attempt 48 exit=3 skipped=True INLOOP 2026-09-22T21:48:53.684Z navigating login {"out":"artifacts/inloop/v24_target_runs/attempt-48.json","skipped":true,"assignedMap":"map-04"} 
attempt 49 exit=3 skipped=True INLOOP 2026-09-22T21:48:55.369Z navigating login {"out":"artifacts/inloop/v24_target_runs/attempt-49.json","skipped":true,"assignedMap":"map-07"} 
attempt 50 exit=3 skipped=True INLOOP 2026-09-22T21:48:57.050Z navigating login {"out":"artifacts/inloop/v24_target_runs/attempt-50.json","skipped":true,"assignedMap":"map-10"} 
attempt 51 exit=3 skipped=True INLOOP 2026-09-22T21:48:58.698Z navigating login {"out":"artifacts/inloop/v24_target_runs/attempt-51.json","skipped":true,"assignedMap":"map-08"} 
attempt 52 exit=3 skipped=True INLOOP 2026-09-22T21:49:00.325Z navigating login {"out":"artifacts/inloop/v24_target_runs/attempt-52.json","skipped":true,"assignedMap":"map-04"} 
attempt 53 exit=3 skipped=True INLOOP 2026-09-22T21:49:02.021Z navigating login {"out":"artifacts/inloop/v24_target_runs/attempt-53.json","skipped":true,"assignedMap":"map-08"} 
attempt 54 exit=3 skipped=True INLOOP 2026-09-22T21:49:03.757Z navigating login {"out":"artifacts/inloop/v24_target_runs/attempt-54.json","skipped":true,"assignedMap":"map-06"} 
attempt 55 exit=3 skipped=True INLOOP 2026-09-22T21:49:05.431Z navigating login {"out":"artifacts/inloop/v24_target_runs/attempt-55.json","skipped":true,"assignedMap":"map-05"} 
attempt 56 exit=3 skipped=True INLOOP 2026-09-22T21:49:07.136Z navigating login {"out":"artifacts/inloop/v24_target_runs/attempt-56.json","skipped":true,"assignedMap":"map-05"} 
attempt 57 exit=3 skipped=True INLOOP 2026-09-22T21:49:08.763Z navigating login {"out":"artifacts/inloop/v24_target_runs/attempt-57.json","skipped":true,"assignedMap":"map-01"} 
attempt 58 exit=3 skipped=True INLOOP 2026-09-22T21:49:10.564Z navigating login {"out":"artifacts/inloop/v24_target_runs/attempt-58.json","skipped":true,"assignedMap":"map-09"} 
attempt 59 exit=3 skipped=True INLOOP 2026-09-22T21:49:12.215Z navigating login {"out":"artifacts/inloop/v24_target_runs/attempt-59.json","skipped":true,"assignedMap":"map-06"} 
attempt 60 exit=3 skipped=True INLOOP 2026-09-22T21:49:13.856Z navigating login {"out":"artifacts/inloop/v24_target_runs/attempt-60.json","skipped":true,"assignedMap":"map-05"} 
attempt 61 exit=3 skipped=True INLOOP 2026-09-22T21:49:15.518Z navigating login {"out":"artifacts/inloop/v24_target_runs/attempt-61.json","skipped":true,"assignedMap":"map-04"} 
attempt 62 exit=3 skipped=True INLOOP 2026-09-22T21:49:17.179Z navigating login {"out":"artifacts/inloop/v24_target_runs/attempt-62.json","skipped":true,"assignedMap":"map-06"} 
attempt 63 exit=0 skipped=False ":false,"feedbackHidden":true,"feedbackText":"Python 代码有问题"} {"out":"artifacts/inloop/v24_target_runs/attempt-63.json","runState":"timeout","lines":58,"score":"40.0","wallSeconds":1796.537} 
DONE attempt 63
