INLOOP 2026-09-23T13:34:38.571Z navigating login
INLOOP 2026-09-23T13:34:38.717Z assigned layout map-04 is wanted
INLOOP 2026-09-23T13:34:38.717Z navigating workspace
INLOOP 2026-09-23T13:34:50.884Z running program
INLOOP 2026-09-23T13:34:52.825Z t=2s tick=null samples=null events=null out=0 pose={"x":-2.4865,"z":-7.6757,"heading":3.141592653589793} holding=null
INLOOP 2026-09-23T13:35:23.247Z t=32s tick=1310 samples=null events=null out=6035 pose={"x":7.284609950719,"z":-8.533892527899,"heading":2.498143294518} holding=null
INLOOP 2026-09-23T13:35:53.377Z t=62s tick=2725 samples=null events=null out=54016 pose={"x":4.6671,"z":-0.7568,"heading":-1.572149126085} holding=null
INLOOP 2026-09-23T13:36:23.653Z t=93s tick=4325 samples=null events=null out=74165 pose={"x":12.074279058129,"z":-3.862655927595,"heading":-0.502923997393} holding=null
INLOOP 2026-09-23T13:36:53.815Z t=123s tick=5725 samples=null events=null out=89077 pose={"x":10.686246986055,"z":1.233809283302,"heading":1.631508844148} holding="guangyang-target-2"
INLOOP 2026-09-23T13:37:24.104Z t=153s tick=7162 samples=null events=null out=93305 pose={"x":-2.45634094649,"z":-3.13159139559,"heading":-0.005829173438} holding="guangyang-target-2"
INLOOP 2026-09-23T13:37:54.391Z t=184s tick=8707 samples=null events=null out=97856 pose={"x":-2.45733664609,"z":-3.38368793566,"heading":-3.127699038002} holding="guangyang-target-2"
INLOOP 2026-09-23T13:38:24.669Z t=214s tick=10318 samples=null events=null out=102453 pose={"x":-2.481127892845,"z":-1.191766826859,"heading":3.129242667989} holding="guangyang-target-2"
INLOOP 2026-09-23T13:38:54.938Z t=244s tick=11738 samples=null events=null out=106661 pose={"x":-2.484229553729,"z":-1.092792328896,"heading":-0.006757332023} holding="guangyang-target-2"
INLOOP 2026-09-23T13:39:25.238Z t=274s tick=13197 samples=null events=null out=111189 pose={"x":-2.45561230394,"z":-3.25658927189,"heading":-0.005829173453} holding="guangyang-target-2"
INLOOP 2026-09-23T13:39:55.550Z t=305s tick=14742 samples=null events=null out=115740 pose={"x":-2.455600000001,"z":-3.2587,"heading":3.129242667977} holding="guangyang-target-2"
INLOOP 2026-09-23T13:40:25.870Z t=335s tick=16353 samples=null events=null out=120337 pose={"x":-2.482906245564,"z":-1.047777808311,"heading":3.129242667988} holding="guangyang-target-2"
INLOOP 2026-09-23T13:40:56.172Z t=365s tick=17773 samples=null events=null out=124545 pose={"x":-2.48325650534,"z":-1.23678904128,"heading":-0.006757332011} holding="guangyang-target-2"
INLOOP 2026-09-23T13:41:26.505Z t=396s tick=19232 samples=null events=null out=129073 pose={"x":-2.456989316863,"z":-3.358690348528,"heading":0.013893615604} holding="guangyang-target-2"
INLOOP 2026-09-23T13:41:36.849Z saved 4066 samples to /Users/ken/Desktop/wm_bench/artifacts/inloop/opt-1/round-1/attempts/attempt-001.samples.json
{"out":"/Users/ken/Desktop/wm_bench/artifacts/inloop/opt-1/round-1/attempts/attempt-001.json","runState":"运行已结束","lines":624,"score":"40.0","wallSeconds":404.34}
