INLOOP 2026-09-23T14:14:04.262Z navigating login
INLOOP 2026-09-23T14:14:04.455Z assigned layout map-07 is wanted
INLOOP 2026-09-23T14:14:04.455Z navigating workspace
INLOOP 2026-09-23T14:14:20.375Z running program
INLOOP 2026-09-23T14:14:22.717Z t=2s tick=null samples=null events=null out=0 pose={"x":-2.4865,"z":-7.6757,"heading":3.141592653589793} holding=null
INLOOP 2026-09-23T14:14:53.159Z t=33s tick=1310 samples=null events=null out=6407 pose={"x":7.499455263613,"z":-8.776512440982,"heading":2.191060477387} holding=null
INLOOP 2026-09-23T14:15:23.512Z t=63s tick=2815 samples=null events=null out=14037 pose={"x":13.729699999999,"z":0.756800000002,"heading":1.789639006135} holding=null
INLOOP 2026-09-23T14:15:53.788Z t=93s tick=3683 samples=null events=null out=216801 pose={"x":3.115104079345,"z":-0.75680010471,"heading":2.572970829087} holding=null
INLOOP 2026-09-23T14:16:24.142Z t=124s tick=4751 samples=null events=null out=328473 pose={"x":7.455018019136,"z":2.651992342205,"heading":-3.053433121793} holding=null
INLOOP 2026-09-23T14:16:54.936Z t=155s tick=5437 samples=null events=null out=445863 pose={"x":6.961592051718,"z":4.43763206968,"heading":-0.699543823283} holding=null
INLOOP 2026-09-23T14:17:25.346Z t=185s tick=6229 samples=null events=null out=539138 pose={"x":6.483312808715,"z":5.075021230471,"heading":1.546871467611} holding=null
INLOOP 2026-09-23T14:17:55.593Z t=215s tick=6952 samples=null events=null out=624703 pose={"x":4.522559926128,"z":7.142963066479,"heading":-2.819712599062} holding=null
INLOOP 2026-09-23T14:18:25.983Z t=246s tick=7666 samples=null events=null out=700000 pose={"x":4.648734176764,"z":9.254151300897,"heading":-0.17135980384} holding=null
INLOOP 2026-09-23T14:18:56.218Z t=276s tick=8023 samples=null events=null out=764504 pose={"x":3.493999187246,"z":6.064846943651,"heading":2.852834465888} holding=null
INLOOP 2026-09-23T14:19:26.387Z t=306s tick=8637 samples=null events=null out=830981 pose={"x":5.966602029356,"z":5.59531061548,"heading":2.852572614689} holding=null
INLOOP 2026-09-23T14:19:56.668Z t=336s tick=9955 samples=null events=null out=867327 pose={"x":0.700100945278,"z":-0.756799996878,"heading":1.570796353123} holding=null
INLOOP 2026-09-23T14:20:27.029Z t=367s tick=11348 samples=null events=null out=873069 pose={"x":-4.63371372722,"z":8.523608251954,"heading":2.219262199125} holding=null
INLOOP 2026-09-23T14:20:57.310Z t=397s tick=12905 samples=null events=null out=878732 pose={"x":-8.633200000003,"z":4.525099999914,"heading":2.614509874366} holding=null
INLOOP 2026-09-23T14:21:23.011Z saved 2915 samples to /Users/ken/Desktop/wm_bench/artifacts/inloop/opt-1/round-1/attempts/attempt-054.samples.json
{"out":"/Users/ken/Desktop/wm_bench/artifacts/inloop/opt-1/round-1/attempts/attempt-054.json","runState":"运行已结束","lines":6379,"score":"40.0","wallSeconds":420.996}
