INLOOP 2026-09-24T00:44:19.820Z navigating login
INLOOP 2026-09-24T00:44:20.240Z assigned layout map-02 is wanted
INLOOP 2026-09-24T00:44:20.240Z navigating workspace
INLOOP 2026-09-24T00:44:40.110Z running program
INLOOP 2026-09-24T00:44:45.845Z t=6s tick=null samples=null events=null out=0 pose={"x":-2.4865,"z":-7.6757,"heading":3.141592653589793} holding=null
INLOOP 2026-09-24T00:45:16.048Z t=36s tick=1340 samples=null events=null out=6269 pose={"x":11.079252245516,"z":-9.428330007292,"heading":-1.823164493308} holding=null
INLOOP 2026-09-24T00:45:46.339Z t=66s tick=2770 samples=null events=null out=85884 pose={"x":12.334553406802,"z":-4.335791493157,"heading":-0.50292399741} holding=null
INLOOP 2026-09-24T00:46:16.365Z t=96s tick=4205 samples=null events=null out=148096 pose={"x":13.160752825743,"z":-0.221620612872,"heading":-2.638737015534} holding=null
INLOOP 2026-09-24T00:46:46.729Z t=127s tick=5300 samples=null events=null out=155640 pose={"x":6.504671681075,"z":-4.349709667829,"heading":0.576483329929} holding="guangyang-target-1"
INLOOP 2026-09-24T00:47:17.205Z t=157s tick=6745 samples=null events=null out=174179 pose={"x":-9.912858626399,"z":-7.553432293078,"heading":-2.530855824133} holding=null
INLOOP 2026-09-24T00:47:47.560Z t=187s tick=8122 samples=null events=null out=181449 pose={"x":8.18229274986,"z":-9.214089956912,"heading":-1.338243687071} holding=null
INLOOP 2026-09-24T00:48:17.905Z t=218s tick=9197 samples=null events=null out=264705 pose={"x":10.378881857946,"z":1.251820883285,"heading":-3.073102812002} holding=null
INLOOP 2026-09-24T00:48:48.276Z t=248s tick=10437 samples=null events=null out=322640 pose={"x":11.968950370103,"z":-2.640826022453,"heading":0.295961512593} holding=null
INLOOP 2026-09-24T00:49:18.278Z t=278s tick=11648 samples=null events=null out=364633 pose={"x":7.9795,"z":-3.258699999999,"heading":1.570796326794} holding=null
INLOOP 2026-09-24T00:49:48.502Z t=308s tick=12845 samples=null events=null out=385832 pose={"x":7.445060636854,"z":2.558353097829,"heading":3.075946376687} holding=null
INLOOP 2026-09-24T00:50:18.580Z t=338s tick=14067 samples=null events=null out=413502 pose={"x":-1.2385,"z":4.432400000379,"heading":1.570796327029} holding=null
INLOOP 2026-09-24T00:50:48.795Z t=369s tick=15313 samples=null events=null out=439907 pose={"x":-6.322409965922,"z":9.403720632726,"heading":1.929522646205} holding=null
INLOOP 2026-09-24T00:51:19.213Z t=399s tick=16650 samples=null events=null out=457479 pose={"x":4.32026602999,"z":9.872555065958,"heading":1.559796738641} holding=null
INLOOP 2026-09-24T00:51:49.357Z t=429s tick=17965 samples=null events=null out=480621 pose={"x":-5.676369980441,"z":4.447092432395,"heading":1.588494711604} holding=null
INLOOP 2026-09-24T00:52:19.484Z t=459s tick=19093 samples=null events=null out=512338 pose={"x":-11.598499999999,"z":0.4912,"heading":-4.1e-11} holding=null
INLOOP 2026-09-24T00:52:49.644Z t=490s tick=20216 samples=null events=null out=548356 pose={"x":-2.47108761348,"z":-2.004704827437,"heading":-0.287928293581} holding=null
INLOOP 2026-09-24T00:53:19.845Z t=520s tick=21371 samples=null events=null out=577645 pose={"x":3.3155,"z":-5.4826,"heading":1.570796326795} holding=null
INLOOP 2026-09-24T00:53:50.211Z saved 4827 samples to /Users/ken/Desktop/wm_bench/artifacts/inloop/refactor/round-1/attempts/attempt-013.samples.json
{"out":"/Users/ken/Desktop/wm_bench/artifacts/inloop/refactor/round-1/attempts/attempt-013.json","runState":"运行已结束","lines":3412,"score":"49.2","wallSeconds":548.284}
